Archive member included to satisfy reference by file (symbol)

c:/program files (x86)/atmel/studio/7.0/toolchain/avr8/avr8-gnu-toolchain/bin/../lib/gcc/avr/5.4.0/../../../../avr/lib/avr5\libm.a(divsf3.o)
                              HAL/BVM/BVM_Core.o (__divsf3)
c:/program files (x86)/atmel/studio/7.0/toolchain/avr8/avr8-gnu-toolchain/bin/../lib/gcc/avr/5.4.0/../../../../avr/lib/avr5\libm.a(divsf3x.o)
                              c:/program files (x86)/atmel/studio/7.0/toolchain/avr8/avr8-gnu-toolchain/bin/../lib/gcc/avr/5.4.0/../../../../avr/lib/avr5\libm.a(divsf3.o) (__divsf3x)
c:/program files (x86)/atmel/studio/7.0/toolchain/avr8/avr8-gnu-toolchain/bin/../lib/gcc/avr/5.4.0/../../../../avr/lib/avr5\libm.a(fixunssfsi.o)
                              HAL/BVM/BVM_Core.o (__fixunssfsi)
c:/program files (x86)/atmel/studio/7.0/toolchain/avr8/avr8-gnu-toolchain/bin/../lib/gcc/avr/5.4.0/../../../../avr/lib/avr5\libm.a(floatsisf.o)
                              HAL/BVM/BVM_Core.o (__floatunsisf)
c:/program files (x86)/atmel/studio/7.0/toolchain/avr8/avr8-gnu-toolchain/bin/../lib/gcc/avr/5.4.0/../../../../avr/lib/avr5\libm.a(fp_inf.o)
                              c:/program files (x86)/atmel/studio/7.0/toolchain/avr8/avr8-gnu-toolchain/bin/../lib/gcc/avr/5.4.0/../../../../avr/lib/avr5\libm.a(divsf3x.o) (__fp_inf)
c:/program files (x86)/atmel/studio/7.0/toolchain/avr8/avr8-gnu-toolchain/bin/../lib/gcc/avr/5.4.0/../../../../avr/lib/avr5\libm.a(fp_nan.o)
                              c:/program files (x86)/atmel/studio/7.0/toolchain/avr8/avr8-gnu-toolchain/bin/../lib/gcc/avr/5.4.0/../../../../avr/lib/avr5\libm.a(divsf3x.o) (__fp_nan)
c:/program files (x86)/atmel/studio/7.0/toolchain/avr8/avr8-gnu-toolchain/bin/../lib/gcc/avr/5.4.0/../../../../avr/lib/avr5\libm.a(fp_pscA.o)
                              c:/program files (x86)/atmel/studio/7.0/toolchain/avr8/avr8-gnu-toolchain/bin/../lib/gcc/avr/5.4.0/../../../../avr/lib/avr5\libm.a(divsf3x.o) (__fp_pscA)
c:/program files (x86)/atmel/studio/7.0/toolchain/avr8/avr8-gnu-toolchain/bin/../lib/gcc/avr/5.4.0/../../../../avr/lib/avr5\libm.a(fp_pscB.o)
                              c:/program files (x86)/atmel/studio/7.0/toolchain/avr8/avr8-gnu-toolchain/bin/../lib/gcc/avr/5.4.0/../../../../avr/lib/avr5\libm.a(divsf3x.o) (__fp_pscB)
c:/program files (x86)/atmel/studio/7.0/toolchain/avr8/avr8-gnu-toolchain/bin/../lib/gcc/avr/5.4.0/../../../../avr/lib/avr5\libm.a(fp_round.o)
                              c:/program files (x86)/atmel/studio/7.0/toolchain/avr8/avr8-gnu-toolchain/bin/../lib/gcc/avr/5.4.0/../../../../avr/lib/avr5\libm.a(divsf3.o) (__fp_round)
c:/program files (x86)/atmel/studio/7.0/toolchain/avr8/avr8-gnu-toolchain/bin/../lib/gcc/avr/5.4.0/../../../../avr/lib/avr5\libm.a(fp_split3.o)
                              c:/program files (x86)/atmel/studio/7.0/toolchain/avr8/avr8-gnu-toolchain/bin/../lib/gcc/avr/5.4.0/../../../../avr/lib/avr5\libm.a(divsf3x.o) (__fp_split3)
c:/program files (x86)/atmel/studio/7.0/toolchain/avr8/avr8-gnu-toolchain/bin/../lib/gcc/avr/5.4.0/../../../../avr/lib/avr5\libm.a(fp_zero.o)
                              c:/program files (x86)/atmel/studio/7.0/toolchain/avr8/avr8-gnu-toolchain/bin/../lib/gcc/avr/5.4.0/../../../../avr/lib/avr5\libm.a(fixunssfsi.o) (__fp_zero)
c:/program files (x86)/atmel/studio/7.0/toolchain/avr8/avr8-gnu-toolchain/bin/../lib/gcc/avr/5.4.0/../../../../avr/lib/avr5\libm.a(mulsf3.o)
                              HAL/BVM/BVM_Core.o (__mulsf3)
c:/program files (x86)/atmel/studio/7.0/toolchain/avr8/avr8-gnu-toolchain/bin/../lib/gcc/avr/5.4.0/../../../../avr/lib/avr5\libm.a(mulsf3x.o)
                              c:/program files (x86)/atmel/studio/7.0/toolchain/avr8/avr8-gnu-toolchain/bin/../lib/gcc/avr/5.4.0/../../../../avr/lib/avr5\libm.a(mulsf3.o) (__mulsf3x)
c:/program files (x86)/atmel/studio/7.0/toolchain/avr8/avr8-gnu-toolchain/bin/../lib/gcc/avr/5.4.0/avr5\libgcc.a(_divmodhi4.o)
                              MCAL/PWM/PWM_Core.o (__divmodhi4)
c:/program files (x86)/atmel/studio/7.0/toolchain/avr8/avr8-gnu-toolchain/bin/../lib/gcc/avr/5.4.0/avr5\libgcc.a(_udivmodsi4.o)
                              HAL/LCD/LCD_Core.o (__udivmodsi4)
c:/program files (x86)/atmel/studio/7.0/toolchain/avr8/avr8-gnu-toolchain/bin/../lib/gcc/avr/5.4.0/avr5\libgcc.a(_divmodsi4.o)
                              HAL/LCD/LCD_Core.o (__divmodsi4)
c:/program files (x86)/atmel/studio/7.0/toolchain/avr8/avr8-gnu-toolchain/bin/../lib/gcc/avr/5.4.0/avr5\libgcc.a(_negsi2.o)
                              c:/program files (x86)/atmel/studio/7.0/toolchain/avr8/avr8-gnu-toolchain/bin/../lib/gcc/avr/5.4.0/avr5\libgcc.a(_divmodsi4.o) (__negsi2)
c:/program files (x86)/atmel/studio/7.0/toolchain/avr8/avr8-gnu-toolchain/bin/../lib/gcc/avr/5.4.0/avr5\libgcc.a(_exit.o)
                              C:/Program Files (x86)/Atmel/Studio/7.0/Packs/atmel/ATmega_DFP/1.7.374/gcc/dev/atmega32/avr5/crtatmega32.o (exit)
[...]
Memory Configuration

Name             Origin             Length             Attributes
text             0x00000000         0x00008000         xr
data             0x00800060         0x00000800         rw !x
eeprom           0x00810000         0x00000400         rw !x
fuse             0x00820000         0x00000002         rw !x
lock             0x00830000         0x00000400         rw !x
signature        0x00840000         0x00000400         rw !x
user_signatures  0x00850000         0x00000400         rw !x
*default*        0x00000000         0xffffffff

Linker script and memory map

LOAD C:/Program Files (x86)/Atmel/Studio/7.0/Packs/atmel/ATmega_DFP/1.7.374/gcc/dev/atmega32/avr5/crtatmega32.o
LOAD App/Calculator/Calculator.o
LOAD App/Calculator/Calculator_main.o
LOAD App/CFGH/HAL_CFG/KeyPad_CFG/KeyPad_CFG.o
LOAD App/CFGH/HAL_CFG/SevSeg_CFG/Seg_CFG.o
LOAD App/CFGH/MCAL_CFG/PORT_CFG/PORT_LCFG.o
LOAD App/Main/main.o
LOAD App/Smart Door/Remote_Smart_Door.o
LOAD App/Smart Door/Smart_Door.o
LOAD App/Smart Door/Smart_door_main.o
LOAD App/Temp control/Temp_Control_main.o
LOAD HAL/BTN/BTN.o
LOAD HAL/Buzzer/BUZZER.o
LOAD HAL/BVM/BVM_Core.o
LOAD HAL/DC_Motor/DC_Motor_Core.o
LOAD HAL/EEPROM/EEPROM_Core.o
LOAD HAL/KeyPad/KeyPad_Core.o
LOAD HAL/LCD/LCD_Core.o
LOAD HAL/LED/LED.o
LOAD HAL/Pulse_meter/Pulse_Meter_Core.o
LOAD HAL/Servo_Motor/Servo_Core.o
LOAD HAL/SevSeg/SevSeg_Core.o
LOAD HAL/Stepper_Motor/Stepper_Core.o
LOAD HAL/TempSensor/TempSensor_core.o
LOAD HAL/Ultrasonic/Ultrasonic_Core.o
LOAD MCAL/ADC/ADC_Core.o
LOAD MCAL/DIO/DIO_Core.o
LOAD MCAL/I2C/I2C_Core.o
LOAD MCAL/ICU/ICU_Core.o
LOAD MCAL/IRQH/IRQH_Core.o
LOAD MCAL/PORT/PORT_Core.o
LOAD MCAL/PWM/PWM_Core.o
LOAD MCAL/SPI/SPI_Core.o
LOAD MCAL/Timer/Time_Core.o
LOAD MCAL/UART/UART_Core.o
LOAD MCAL/WDT/WDT_Core.o
LOAD OS/croutine.o
LOAD OS/event_groups.o
LOAD OS/heap_1.o
LOAD OS/list.o
LOAD OS/port.o
LOAD OS/queue.o
LOAD OS/stream_buffer.o
LOAD OS/tasks.o
LOAD OS/timers.o
START GROUP
LOAD c:/program files (x86)/atmel/studio/7.0/toolchain/avr8/avr8-gnu-toolchain/bin/../lib/gcc/avr/5.4.0/../../../../avr/lib/avr5\libm.a
END GROUP
START GROUP
LOAD c:/program files (x86)/atmel/studio/7.0/toolchain/avr8/avr8-gnu-toolchain/bin/../lib/gcc/avr/5.4.0/avr5\libgcc.a
LOAD c:/program files (x86)/atmel/studio/7.0/toolchain/avr8/avr8-gnu-toolchain/bin/../lib/gcc/avr/5.4.0/../../../../avr/lib/avr5\libm.a
LOAD c:/program files (x86)/atmel/studio/7.0/toolchain/avr8/avr8-gnu-toolchain/bin/../lib/gcc/avr/5.4.0/../../../../avr/lib/avr5\libc.a
LOAD C:/Program Files (x86)/Atmel/Studio/7.0/Packs/atmel/ATmega_DFP/1.7.374/gcc/dev/atmega32/avr5\libatmega32.a
END GROUP
                0x00000000                __TEXT_REGION_ORIGIN__ = DEFINED (__TEXT_REGION_ORIGIN__)?__TEXT_REGION_ORIGIN__:0x0
                [0x00800060]                __DATA_REGION_ORIGIN__ = DEFINED (__DATA_REGION_ORIGIN__)?__DATA_REGION_ORIGIN__:0x800060
                [0x00008000]                __TEXT_REGION_LENGTH__ = DEFINED (__TEXT_REGION_LENGTH__)?__TEXT_REGION_LENGTH__:0x20000
                [0x00000800]                __DATA_REGION_LENGTH__ = DEFINED (__DATA_REGION_LENGTH__)?__DATA_REGION_LENGTH__:0xffa0
                [0x00000400]                __EEPROM_REGION_LENGTH__ = DEFINED (__EEPROM_REGION_LENGTH__)?__EEPROM_REGION_LENGTH__:0x10000
                [0x00000002]                __FUSE_REGION_LENGTH__ = DEFINED (__FUSE_REGION_LENGTH__)?__FUSE_REGION_LENGTH__:0x400
                0x00000400                __LOCK_REGION_LENGTH__ = DEFINED (__LOCK_REGION_LENGTH__)?__LOCK_REGION_LENGTH__:0x400
                0x00000400                __SIGNATURE_REGION_LENGTH__ = DEFINED (__SIGNATURE_REGION_LENGTH__)?__SIGNATURE_REGION_LENGTH__:0x400
                0x00000400                __USER_SIGNATURE_REGION_LENGTH__ = DEFINED (__USER_SIGNATURE_REGION_LENGTH__)?__USER_SIGNATURE_REGION_LENGTH__:0x400

.hash
 *(.hash)

.dynsym
 *(.dynsym)

.dynstr
 *(.dynstr)

.gnu.version
 *(.gnu.version)

.gnu.version_d
 *(.gnu.version_d)

.gnu.version_r
 *(.gnu.version_r)

.rel.init
 *(.rel.init)

.rela.init
 *(.rela.init)

.rel.text
 *(.rel.text)
 *(.rel.text.*)
 *(.rel.gnu.linkonce.t*)

.rela.text
 *(.rela.text)
 *(.rela.text.*)
 *(.rela.gnu.linkonce.t*)

.rel.fini
 *(.rel.fini)

.rela.fini
 *(.rela.fini)

.rel.rodata
 *(.rel.rodata)
 *(.rel.rodata.*)
 *(.rel.gnu.linkonce.r*)

.rela.rodata
 *(.rela.rodata)
 *(.rela.rodata.*)
 *(.rela.gnu.linkonce.r*)

.rel.data
 *(.rel.data)
 *(.rel.data.*)
 *(.rel.gnu.linkonce.d*)

.rela.data
 *(.rela.data)
 *(.rela.data.*)
 *(.rela.gnu.linkonce.d*)

.rel.ctors
 *(.rel.ctors)

.rela.ctors
 *(.rela.ctors)

.rel.dtors
 *(.rel.dtors)

.rela.dtors
 *(.rela.dtors)

.rel.got
 *(.rel.got)

.rela.got
 *(.rela.got)

.rel.bss
 *(.rel.bss)

.rela.bss
 *(.rela.bss)

.rel.plt
 *(.rel.plt)

.rela.plt
 *(.rela.plt)

.text           0x00000000     0x1c58
 *(.vectors)
 .vectors       0x00000000       0x54 C:/Program Files (x86)/Atmel/Studio/7.0/Packs/atmel/ATmega_DFP/1.7.374/gcc/dev/atmega32/avr5/crtatmega32.o
                0x00000000                __vector_default
                0x00000000                __vectors
 *(.vectors)
 *(.progmem.gcc*)
                0x00000054                . = ALIGN (0x2)
                0x00000054                __trampolines_start = .
 *(.trampolines)
 .trampolines   0x00000054        0x0 linker stubs
 *(.trampolines*)
                0x00000054                __trampolines_end = .
 *libprintf_flt.a:*(.progmem.data)
 *libc.a:*(.progmem.data)
 *(.progmem*)
                0x00000054                . = ALIGN (0x2)
 *(.jumptables)
 *(.jumptables*)
 *(.lowtext)
 *(.lowtext*)
                0x00000054                __ctors_start = .
 *(.ctors)
                0x00000054                __ctors_end = .
                0x00000054                __dtors_start = .
 *(.dtors)
                0x00000054                __dtors_end = .
 SORT(*)(.ctors)
 SORT(*)(.dtors)
 *(.init0)
 .init0         0x00000054        0x0 C:/Program Files (x86)/Atmel/Studio/7.0/Packs/atmel/ATmega_DFP/1.7.374/gcc/dev/atmega32/avr5/crtatmega32.o
                0x00000054                __init
 *(.init0)
 *(.init1)
 *(.init1)
 *(.init2)
 .init2         0x00000054        0xc C:/Program Files (x86)/Atmel/Studio/7.0/Packs/atmel/ATmega_DFP/1.7.374/gcc/dev/atmega32/avr5/crtatmega32.o
 *(.init2)
 *(.init3)
 *(.init3)
 *(.init4)
 .init4         0x00000060       0x16 c:/program files (x86)/atmel/studio/7.0/toolchain/avr8/avr8-gnu-toolchain/bin/../lib/gcc/avr/5.4.0/avr5\libgcc.a(_copy_data.o)
                0x00000060                __do_copy_data
 .init4         0x00000076       0x10 c:/program files (x86)/atmel/studio/7.0/toolchain/avr8/avr8-gnu-toolchain/bin/../lib/gcc/avr/5.4.0/avr5\libgcc.a(_clear_bss.o)
                0x00000076                __do_clear_bss
 *(.init4)
 *(.init5)
 *(.init5)
 *(.init6)
 *(.init6)
 *(.init7)
 *(.init7)
 *(.init8)
 *(.init8)
 *(.init9)
 .init9         0x00000086        0x8 C:/Program Files (x86)/Atmel/Studio/7.0/Packs/atmel/ATmega_DFP/1.7.374/gcc/dev/atmega32/avr5/crtatmega32.o
 *(.init9)
 *(.text)
 .text          0x0000008e        0x4 C:/Program Files (x86)/Atmel/Studio/7.0/Packs/atmel/ATmega_DFP/1.7.374/gcc/dev/atmega32/avr5/crtatmega32.o
                0x0000008e                __vector_12
                0x0000008e                __bad_interrupt
                0x0000008e                __vector_3
                0x0000008e                __vector_17
                0x0000008e                __vector_19
                0x0000008e                __vector_5
                0x0000008e                __vector_4
                0x0000008e                __vector_2
                0x0000008e                __vector_8
                0x0000008e                __vector_14
                0x0000008e                __vector_10
                0x0000008e                __vector_18
                0x0000008e                __vector_20
                0x00000092                . = ALIGN (0x2)
 *(.text.*)
 .text.Task_1   0x00000092       0x2c App/Main/main.o
                0x00000092                Task_1
 .text.Task_2   0x000000be       0x38 App/Main/main.o
                0x000000be                Task_2
 .text.Task_3   0x000000f6       0x38 App/Main/main.o
                0x000000f6                Task_3
 .text.main     0x0000012e       0x6c App/Main/main.o
                0x0000012e                main
 .text.KEYPAD_init
                0x0000019a       0x22 HAL/KeyPad/KeyPad_Core.o
                0x0000019a                KEYPAD_init
 .text.KeyPAD_GetValue
                0x000001bc       0x9e HAL/KeyPad/KeyPad_Core.o
                0x000001bc                KeyPAD_GetValue
 .text.LCD_WriteCommand
                0x0000025a       0xbc HAL/LCD/LCD_Core.o
                0x0000025a                LCD_WriteCommand
 .text.LCD_Init
                0x00000316       0x2c HAL/LCD/LCD_Core.o
                0x00000316                LCD_Init
 .text.LCD_WriteChar
                0x00000342       0xbc HAL/LCD/LCD_Core.o
                0x00000342                LCD_WriteChar
 .text.DIO_WriteChannel
                0x000003fe      0x10e MCAL/DIO/DIO_Core.o
                0x000003fe                DIO_WriteChannel
 .text.DIO_ReadChannel
                0x0000050c       0x82 MCAL/DIO/DIO_Core.o
                0x0000050c                DIO_ReadChannel
 .text.__vector_1
                0x0000058e       0x52 MCAL/IRQH/IRQH_Core.o
                0x0000058e                __vector_1
 .text.__vector_16
                0x000005e0       0x6c MCAL/IRQH/IRQH_Core.o
                0x000005e0                __vector_16
 .text.__vector_9
                0x0000064c       0x4a MCAL/IRQH/IRQH_Core.o
                0x0000064c                __vector_9
 .text.__vector_11
                0x00000696       0x14 MCAL/IRQH/IRQH_Core.o
                0x00000696                __vector_11
 .text.__vector_6
                0x000006aa      0x134 MCAL/IRQH/IRQH_Core.o
                0x000006aa                __vector_6
 .text.__vector_13
                0x000007de       0x52 MCAL/IRQH/IRQH_Core.o
                0x000007de                __vector_13
 .text.__vector_15
                0x00000830       0x28 MCAL/IRQH/IRQH_Core.o
                0x00000830                __vector_15
 .text.PORT_Init
                0x00000858      0x108 MCAL/PORT/PORT_Core.o
                0x00000858                PORT_Init
 .text.pvPortMalloc
                0x00000960       0x6a OS/heap_1.o
                0x00000960                pvPortMalloc
 .text.vPortFree
                0x000009ca        0x2 OS/heap_1.o
                0x000009ca                vPortFree
 .text.vListInitialise
                0x000009cc       0x1c OS/list.o
                0x000009cc                vListInitialise
 .text.vListInitialiseItem
                0x000009e8        0x8 OS/list.o
                0x000009e8                vListInitialiseItem
 .text.vListInsertEnd
                0x000009f0       0x42 OS/list.o
                0x000009f0                vListInsertEnd
 .text.vListInsert
                0x00000a32       0x62 OS/list.o
                0x00000a32                vListInsert
 .text.uxListRemove
                0x00000a94       0x4e OS/list.o
                0x00000a94                uxListRemove
 .text.prvSetupTimerInterrupt
                0x00000ae2       0x12 OS/port.o
 .text.pxPortInitialiseStack
                0x00000af4       0xd8 OS/port.o
                0x00000af4                pxPortInitialiseStack
 .text.xPortStartScheduler
                0x00000bcc       0x5e OS/port.o
                0x00000bcc                xPortStartScheduler
 .text.vPortYield
                0x00000c2a       0xb2 OS/port.o
                0x00000c2a                vPortYield
 .text.vPortYieldFromTick
                0x00000cdc       0xb8 OS/port.o
                0x00000cdc                vPortYieldFromTick
 .text.__vector_7
                0x00000d94        0x6 OS/port.o
                0x00000d94                __vector_7
 .text.prvIsQueueEmpty
                0x00000d9a       0x1a OS/queue.o
 .text.prvIsQueueFull
                0x00000db4       0x1c OS/queue.o
 .text.prvCopyDataToQueue
                0x00000dd0       0x92 OS/queue.o
 .text.prvCopyDataFromQueue
                0x00000e62       0x34 OS/queue.o
 .text.prvUnlockQueue
                0x00000e96       0x68 OS/queue.o
 .text.xQueueGenericReset
                0x00000efe       0x8c OS/queue.o
                0x00000efe                xQueueGenericReset
 .text.prvInitialiseNewQueue
                0x00000f8a       0x26 OS/queue.o
 .text.xQueueGenericCreate
                0x00000fb0       0x54 OS/queue.o
                0x00000fb0                xQueueGenericCreate
 .text.xQueueGenericSend
                0x00001004      0x124 OS/queue.o
                0x00001004                xQueueGenericSend
 .text.xQueueReceive
                0x00001128      0x11e OS/queue.o
                0x00001128                xQueueReceive
 .text.prvResetNextTaskUnblockTime
                0x00001246       0x3e OS/tasks.o
 .text.prvDeleteTCB
                0x00001284       0x1a OS/tasks.o
 .text.prvInitialiseNewTask
                0x0000129e       0xe2 OS/tasks.o
 .text.prvInitialiseTaskLists
                0x00001380       0x6e OS/tasks.o
 .text.prvAddNewTaskToReadyList
                0x000013ee       0xb8 OS/tasks.o
 .text.prvCheckTasksWaitingTermination
                0x000014a6       0x4c OS/tasks.o
 .text.prvIdleTask
                0x000014f2        0x6 OS/tasks.o
 .text.prvAddCurrentTaskToDelayedList
                0x000014f8       0xb0 OS/tasks.o
 .text.xTaskCreate
                0x000015a8       0xa8 OS/tasks.o
                0x000015a8                xTaskCreate
 .text.vTaskStartScheduler
                0x00001650       0x54 OS/tasks.o
                0x00001650                vTaskStartScheduler
 .text.vTaskSuspendAll
                0x000016a4        0xc OS/tasks.o
                0x000016a4                vTaskSuspendAll
 .text.xTaskIncrementTick
                0x000016b0      0x174 OS/tasks.o
                0x000016b0                xTaskIncrementTick
 .text.xTaskResumeAll
                0x00001824       0xe4 OS/tasks.o
                0x00001824                xTaskResumeAll
 .text.vTaskDelay
                0x00001908       0x2c OS/tasks.o
                0x00001908                vTaskDelay
 .text.vTaskSwitchContext
                0x00001934       0xa8 OS/tasks.o
                0x00001934                vTaskSwitchContext
 .text.vTaskSuspend
                0x000019dc       0xa4 OS/tasks.o
                0x000019dc                vTaskSuspend
 .text.vTaskPlaceOnEventList
                0x00001a80       0x24 OS/tasks.o
                0x00001a80                vTaskPlaceOnEventList
 .text.xTaskRemoveFromEventList
                0x00001aa4       0x90 OS/tasks.o
                0x00001aa4                xTaskRemoveFromEventList
 .text.vTaskInternalSetTimeOutState
                0x00001b34       0x16 OS/tasks.o
                0x00001b34                vTaskInternalSetTimeOutState
 .text.xTaskCheckForTimeOut
                0x00001b4a       0x78 OS/tasks.o
                0x00001b4a                xTaskCheckForTimeOut
 .text.vTaskMissedYield
                0x00001bc2        0x8 OS/tasks.o
                0x00001bc2                vTaskMissedYield
 .text.libgcc.div
                0x00001bca       0x44 c:/program files (x86)/atmel/studio/7.0/toolchain/avr8/avr8-gnu-toolchain/bin/../lib/gcc/avr/5.4.0/avr5\libgcc.a(_udivmodsi4.o)
                0x00001bca                __udivmodsi4
 .text.libgcc.mul
                0x00001c0e       0x1e c:/program files (x86)/atmel/studio/7.0/toolchain/avr8/avr8-gnu-toolchain/bin/../lib/gcc/avr/5.4.0/avr5\libgcc.a(_umulhisi3.o)
                0x00001c0e                __umulhisi3
 .text.libgcc.mul
                0x00001c2c       0x16 c:/program files (x86)/atmel/studio/7.0/toolchain/avr8/avr8-gnu-toolchain/bin/../lib/gcc/avr/5.4.0/avr5\libgcc.a(_muluhisi3.o)
                0x00001c2c                __muluhisi3
 .text.avr-libc
                0x00001c42       0x12 c:/program files (x86)/atmel/studio/7.0/toolchain/avr8/avr8-gnu-toolchain/bin/../lib/gcc/avr/5.4.0/../../../../avr/lib/avr5\libc.a(memcpy.o)
                0x00001c42                memcpy
                0x00001c54                . = ALIGN (0x2)
 *(.fini9)
 .fini9         0x00001c54        0x0 c:/program files (x86)/atmel/studio/7.0/toolchain/avr8/avr8-gnu-toolchain/bin/../lib/gcc/avr/5.4.0/avr5\libgcc.a(_exit.o)
                0x00001c54                _exit
                0x00001c54                exit
 *(.fini9)
 *(.fini8)
 *(.fini8)
 *(.fini7)
 *(.fini7)
 *(.fini6)
 *(.fini6)
 *(.fini5)
 *(.fini5)
 *(.fini4)
 *(.fini4)
 *(.fini3)
 *(.fini3)
 *(.fini2)
 *(.fini2)
 *(.fini1)
 *(.fini1)
 *(.fini0)
 .fini0         0x00001c54        0x4 c:/program files (x86)/atmel/studio/7.0/toolchain/avr8/avr8-gnu-toolchain/bin/../lib/gcc/avr/5.4.0/avr5\libgcc.a(_exit.o)
 *(.fini0)
                0x00001c58                _etext = .

.data           0x00800060       0x42 load address 0x00001c58
                0x00800060                PROVIDE (__data_start, .)
 *(.data)
 *(.data*)
 .data.KEYPAD_Values
                0x00800060        0xc App/CFGH/HAL_CFG/KeyPad_CFG/KeyPad_CFG.o
                0x00800060                KEYPAD_Values
 *(.gnu.linkonce.d*)
 *(.rodata)
 *(.rodata*)
 .rodata.PORT_Initialization
                0x0080006c       0x1c App/CFGH/MCAL_CFG/PORT_CFG/PORT_LCFG.o
                0x0080006c                PORT_Initialization
 .rodata.str1.1
                0x00800088       0x15 App/Main/main.o
 .rodata.str1.1
                0x0080009d        0x5 OS/tasks.o
 *(.gnu.linkonce.r*)
                0x008000a2                . = ALIGN (0x2)
                0x008000a2                _edata = .
                0x008000a2                PROVIDE (__data_end, .)

.bss            0x008000a2      0x690
                0x008000a2                PROVIDE (__bss_start, .)
 *(.bss)
 *(.bss*)
 .bss.Task_3_Hnadle
                0x008000a2        0x2 App/Main/main.o
                0x008000a2                Task_3_Hnadle
 .bss.Task_2_Hnadle
                0x008000a4        0x2 App/Main/main.o
                0x008000a4                Task_2_Hnadle
 .bss.Task_1_Hnadle
                0x008000a6        0x2 App/Main/main.o
                0x008000a6                Task_1_Hnadle
 .bss.xQUEUE    0x008000a8        0x2 App/Main/main.o
                0x008000a8                xQUEUE
 .bss.ADC_Vin_Value
                0x008000aa        0x4 MCAL/ADC/ADC_Core.o
                0x008000aa                ADC_Vin_Value
 .bss.Cap3      0x008000ae        0x4 MCAL/ICU/ICU_Core.o
                0x008000ae                Cap3
 .bss.ICU_Cnt   0x008000b2        0x4 MCAL/ICU/ICU_Core.o
                0x008000b2                ICU_Cnt
 .bss.CAP2      0x008000b6        0x4 MCAL/ICU/ICU_Core.o
                0x008000b6                CAP2
 .bss.CAP1      0x008000ba        0x4 MCAL/ICU/ICU_Core.o
                0x008000ba                CAP1
 .bss.CallBack_PtrFunc
                0x008000be       0x28 MCAL/IRQH/IRQH_Core.o
                0x008000be                CallBack_PtrFunc
 .bss.Time1_OVF_g
                0x008000e6        0x4 MCAL/Timer/Time_Core.o
                0x008000e6                Time1_OVF_g
 .bss.TX_CNT    0x008000ea        0x1 MCAL/UART/UART_Core.o
                0x008000ea                TX_CNT
 .bss.TX_STATUS_FLAG
                0x008000eb        0x1 MCAL/UART/UART_Core.o
                0x008000eb                TX_STATUS_FLAG
 .bss.pucAlignedHeap.2084
                0x008000ec        0x2 OS/heap_1.o
 .bss.xNextFreeByte
                0x008000ee        0x2 OS/heap_1.o
 .bss.ucHeap    0x008000f0      0x5dc OS/heap_1.o
 .bss.uxSchedulerSuspended
                0x008006cc        0x1 OS/tasks.o
 .bss.xIdleTaskHandle
                0x008006cd        0x2 OS/tasks.o
 .bss.xNextTaskUnblockTime
                0x008006cf        0x2 OS/tasks.o
 .bss.uxTaskNumber
                0x008006d1        0x1 OS/tasks.o
 .bss.xNumOfOverflows
                0x008006d2        0x1 OS/tasks.o
 .bss.xYieldPending
                0x008006d3        0x1 OS/tasks.o
 .bss.uxPendedTicks
                0x008006d4        0x1 OS/tasks.o
 .bss.xSchedulerRunning
                0x008006d5        0x1 OS/tasks.o
 .bss.uxTopReadyPriority
                0x008006d6        0x1 OS/tasks.o
 .bss.xTickCount
                0x008006d7        0x2 OS/tasks.o
 .bss.uxCurrentNumberOfTasks
                0x008006d9        0x1 OS/tasks.o
 .bss.xSuspendedTaskList
                0x008006da        0x9 OS/tasks.o
 .bss.uxDeletedTasksWaitingCleanUp
                0x008006e3        0x1 OS/tasks.o
 .bss.xTasksWaitingTermination
                0x008006e4        0x9 OS/tasks.o
 .bss.xPendingReadyList
                0x008006ed        0x9 OS/tasks.o
 .bss.pxOverflowDelayedTaskList
                0x008006f6        0x2 OS/tasks.o
 .bss.pxDelayedTaskList
                0x008006f8        0x2 OS/tasks.o
 .bss.xDelayedTaskList2
                0x008006fa        0x9 OS/tasks.o
 .bss.xDelayedTaskList1
                0x00800703        0x9 OS/tasks.o
 .bss.pxReadyTasksLists
                0x0080070c       0x24 OS/tasks.o
 .bss.pxCurrentTCB
                0x00800730        0x2 OS/tasks.o
                0x00800730                pxCurrentTCB
 *(COMMON)
                0x00800732                PROVIDE (__bss_end, .)
                0x00001c58                __data_load_start = LOADADDR (.data)
                0x00001c9a                __data_load_end = (__data_load_start + SIZEOF (.data))

.noinit         0x00800732        0x0
                [!provide]                PROVIDE (__noinit_start, .)
 *(.noinit*)
                [!provide]                PROVIDE (__noinit_end, .)
                0x00800732                _end = .
                [!provide]                PROVIDE (__heap_start, .)

.eeprom         0x00810000        0x0
 *(.eeprom*)
                0x00810000                __eeprom_end = .

.fuse
 *(.fuse)
 *(.lfuse)
 *(.hfuse)
 *(.efuse)

.lock
 *(.lock*)

.signature
 *(.signature*)

.user_signatures
 *(.user_signatures*)

.stab
 *(.stab)

.stabstr
 *(.stabstr)

.stab.excl
 *(.stab.excl)

.stab.exclstr
 *(.stab.exclstr)

.stab.index
 *(.stab.index)

.stab.indexstr
 *(.stab.indexstr)

.comment        0x00000000       0x30
 *(.comment)
 .comment       0x00000000       0x30 App/CFGH/HAL_CFG/KeyPad_CFG/KeyPad_CFG.o
                                 0x31 (size before relaxing)
 .comment       0x00000030       0x31 App/CFGH/MCAL_CFG/PORT_CFG/PORT_LCFG.o
 .comment       0x00000030       0x31 App/Main/main.o
 .comment       0x00000030       0x31 HAL/KeyPad/KeyPad_Core.o
 .comment       0x00000030       0x31 HAL/LCD/LCD_Core.o
 .comment       0x00000030       0x31 MCAL/ADC/ADC_Core.o
 .comment       0x00000030       0x31 MCAL/DIO/DIO_Core.o
 .comment       0x00000030       0x31 MCAL/ICU/ICU_Core.o
 .comment       0x00000030       0x31 MCAL/IRQH/IRQH_Core.o
 .comment       0x00000030       0x31 MCAL/PORT/PORT_Core.o
 .comment       0x00000030       0x31 MCAL/Timer/Time_Core.o
 .comment       0x00000030       0x31 MCAL/UART/UART_Core.o
 .comment       0x00000030       0x31 OS/heap_1.o
 .comment       0x00000030       0x31 OS/list.o
 .comment       0x00000030       0x31 OS/port.o
 .comment       0x00000030       0x31 OS/queue.o
 .comment       0x00000030       0x31 OS/tasks.o

.note.gnu.avr.deviceinfo
                0x00000000       0x3c
 .note.gnu.avr.deviceinfo
                0x00000000       0x3c C:/Program Files (x86)/Atmel/Studio/7.0/Packs/atmel/ATmega_DFP/1.7.374/gcc/dev/atmega32/avr5/crtatmega32.o

.note.gnu.build-id
 *(.note.gnu.build-id)

.debug
 *(.debug)

.line
 *(.line)

.debug_srcinfo
 *(.debug_srcinfo)

.debug_sfnames
 *(.debug_sfnames)

.debug_aranges  0x00000000      0x560
 *(.debug_aranges)
 .debug_aranges
                0x00000000       0x18 App/CFGH/HAL_CFG/KeyPad_CFG/KeyPad_CFG.o
 .debug_aranges
                0x00000018       0x18 App/CFGH/MCAL_CFG/PORT_CFG/PORT_LCFG.o
 .debug_aranges
                0x00000030       0x38 App/Main/main.o
 .debug_aranges
                0x00000068       0x28 HAL/KeyPad/KeyPad_Core.o
 .debug_aranges
                0x00000090       0x58 HAL/LCD/LCD_Core.o
 .debug_aranges
                0x000000e8       0x28 MCAL/ADC/ADC_Core.o
 .debug_aranges
                0x00000110       0x48 MCAL/DIO/DIO_Core.o
 .debug_aranges
                0x00000158       0x28 MCAL/ICU/ICU_Core.o
 .debug_aranges
                0x00000180       0x68 MCAL/IRQH/IRQH_Core.o
 .debug_aranges
                0x000001e8       0x20 MCAL/PORT/PORT_Core.o
 .debug_aranges
                0x00000208       0x28 MCAL/Timer/Time_Core.o
 .debug_aranges
                0x00000230       0x40 MCAL/UART/UART_Core.o
 .debug_aranges
                0x00000270       0x38 OS/heap_1.o
 .debug_aranges
                0x000002a8       0x40 OS/list.o
 .debug_aranges
                0x000002e8       0x50 OS/port.o
 .debug_aranges
                0x00000338       0xc8 OS/queue.o
 .debug_aranges
                0x00000400      0x160 OS/tasks.o

.debug_pubnames
 *(.debug_pubnames)

.debug_info     0x00000000     0x5653
 *(.debug_info .gnu.linkonce.wi.*)
 .debug_info    0x00000000      0x4e6 C:/Program Files (x86)/Atmel/Studio/7.0/Packs/atmel/ATmega_DFP/1.7.374/gcc/dev/atmega32/avr5/crtatmega32.o
 .debug_info    0x000004e6       0x97 App/CFGH/HAL_CFG/KeyPad_CFG/KeyPad_CFG.o
 .debug_info    0x0000057d       0xef App/CFGH/MCAL_CFG/PORT_CFG/PORT_LCFG.o
 .debug_info    0x0000066c      0x47f App/Main/main.o
 .debug_info    0x00000aeb      0x2ee HAL/KeyPad/KeyPad_Core.o
 .debug_info    0x00000dd9      0x7f8 HAL/LCD/LCD_Core.o
 .debug_info    0x000015d1       0xf8 MCAL/ADC/ADC_Core.o
 .debug_info    0x000016c9      0x27d MCAL/DIO/DIO_Core.o
 .debug_info    0x00001946      0x136 MCAL/ICU/ICU_Core.o
 .debug_info    0x00001a7c      0x29c MCAL/IRQH/IRQH_Core.o
 .debug_info    0x00001d18      0x14d MCAL/PORT/PORT_Core.o
 .debug_info    0x00001e65      0x122 MCAL/Timer/Time_Core.o
 .debug_info    0x00001f87      0x1b7 MCAL/UART/UART_Core.o
 .debug_info    0x0000213e      0x1a4 OS/heap_1.o
 .debug_info    0x000022e2      0x2d8 OS/list.o
 .debug_info    0x000025ba      0x24e OS/port.o
 .debug_info    0x00002808     0x143c OS/queue.o
 .debug_info    0x00003c44     0x1a0f OS/tasks.o

.debug_abbrev   0x00000000     0x17da
 *(.debug_abbrev)
 .debug_abbrev  0x00000000      0x4a3 C:/Program Files (x86)/Atmel/Studio/7.0/Packs/atmel/ATmega_DFP/1.7.374/gcc/dev/atmega32/avr5/crtatmega32.o
 .debug_abbrev  0x000004a3       0x4b App/CFGH/HAL_CFG/KeyPad_CFG/KeyPad_CFG.o
 .debug_abbrev  0x000004ee       0x86 App/CFGH/MCAL_CFG/PORT_CFG/PORT_LCFG.o
 .debug_abbrev  0x00000574      0x14e App/Main/main.o
 .debug_abbrev  0x000006c2      0x177 HAL/KeyPad/KeyPad_Core.o
 .debug_abbrev  0x00000839      0x1ce HAL/LCD/LCD_Core.o
 .debug_abbrev  0x00000a07       0x8b MCAL/ADC/ADC_Core.o
 .debug_abbrev  0x00000a92      0x104 MCAL/DIO/DIO_Core.o
 .debug_abbrev  0x00000b96       0x90 MCAL/ICU/ICU_Core.o
 .debug_abbrev  0x00000c26      0x15c MCAL/IRQH/IRQH_Core.o
 .debug_abbrev  0x00000d82       0xc4 MCAL/PORT/PORT_Core.o
 .debug_abbrev  0x00000e46       0x80 MCAL/Timer/Time_Core.o
 .debug_abbrev  0x00000ec6       0xbd MCAL/UART/UART_Core.o
 .debug_abbrev  0x00000f83      0x11c OS/heap_1.o
 .debug_abbrev  0x0000109f       0xff OS/list.o
 .debug_abbrev  0x0000119e      0x143 OS/port.o
 .debug_abbrev  0x000012e1      0x252 OS/queue.o
 .debug_abbrev  0x00001533      0x2a7 OS/tasks.o

.debug_line     0x00000000     0x3268
 *(.debug_line .debug_line.* .debug_line_end)
 .debug_line    0x00000000      0x116 C:/Program Files (x86)/Atmel/Studio/7.0/Packs/atmel/ATmega_DFP/1.7.374/gcc/dev/atmega32/avr5/crtatmega32.o
 .debug_line    0x00000116       0x5c App/CFGH/HAL_CFG/KeyPad_CFG/KeyPad_CFG.o
 .debug_line    0x00000172       0x69 App/CFGH/MCAL_CFG/PORT_CFG/PORT_LCFG.o
 .debug_line    0x000001db      0x1fd App/Main/main.o
 .debug_line    0x000003d8      0x215 HAL/KeyPad/KeyPad_Core.o
 .debug_line    0x000005ed      0x3a4 HAL/LCD/LCD_Core.o
 .debug_line    0x00000991      0x11c MCAL/ADC/ADC_Core.o
 .debug_line    0x00000aad      0x24c MCAL/DIO/DIO_Core.o
 .debug_line    0x00000cf9       0xc2 MCAL/ICU/ICU_Core.o
 .debug_line    0x00000dbb      0x235 MCAL/IRQH/IRQH_Core.o
 .debug_line    0x00000ff0      0x127 MCAL/PORT/PORT_Core.o
 .debug_line    0x00001117       0xbf MCAL/Timer/Time_Core.o
 .debug_line    0x000011d6      0x13d MCAL/UART/UART_Core.o
 .debug_line    0x00001313      0x1a0 OS/heap_1.o
 .debug_line    0x000014b3      0x1d0 OS/list.o
 .debug_line    0x00001683      0x29e OS/port.o
 .debug_line    0x00001921      0xa1e OS/queue.o
 .debug_line    0x0000233f      0xf29 OS/tasks.o

.debug_frame    0x00000000      0xefc
 *(.debug_frame)
 .debug_frame   0x00000000       0x74 App/Main/main.o
 .debug_frame   0x00000074       0x54 HAL/KeyPad/KeyPad_Core.o
 .debug_frame   0x000000c8      0x100 HAL/LCD/LCD_Core.o
 .debug_frame   0x000001c8       0x34 MCAL/ADC/ADC_Core.o
 .debug_frame   0x000001fc       0x74 MCAL/DIO/DIO_Core.o
 .debug_frame   0x00000270       0x34 MCAL/ICU/ICU_Core.o
 .debug_frame   0x000002a4      0x210 MCAL/IRQH/IRQH_Core.o
 .debug_frame   0x000004b4       0x24 MCAL/PORT/PORT_Core.o
 .debug_frame   0x000004d8       0x34 MCAL/Timer/Time_Core.o
 .debug_frame   0x0000050c       0x64 MCAL/UART/UART_Core.o
 .debug_frame   0x00000570       0x60 OS/heap_1.o
 .debug_frame   0x000005d0       0x88 OS/list.o
 .debug_frame   0x00000658       0x84 OS/port.o
 .debug_frame   0x000006dc      0x2e4 OS/queue.o
 .debug_frame   0x000009c0      0x53c OS/tasks.o

.debug_str      0x00000000     0x1888
 *(.debug_str)
 .debug_str     0x00000000      0x196 C:/Program Files (x86)/Atmel/Studio/7.0/Packs/atmel/ATmega_DFP/1.7.374/gcc/dev/atmega32/avr5/crtatmega32.o
 .debug_str     0x00000196      0x176 App/CFGH/HAL_CFG/KeyPad_CFG/KeyPad_CFG.o
                                0x1a2 (size before relaxing)
 .debug_str     0x0000030c       0x80 App/CFGH/MCAL_CFG/PORT_CFG/PORT_LCFG.o
                                0x1e8 (size before relaxing)
 .debug_str     0x0000038c      0x197 App/Main/main.o
                                0x317 (size before relaxing)
 .debug_str     0x00000523       0xd9 HAL/KeyPad/KeyPad_Core.o
                                0x2b2 (size before relaxing)
 .debug_str     0x000005fc       0x91 HAL/LCD/LCD_Core.o
                                0x2be (size before relaxing)
 .debug_str     0x0000068d       0x50 MCAL/ADC/ADC_Core.o
                                0x1ea (size before relaxing)
 .debug_str     0x000006dd       0x7e MCAL/DIO/DIO_Core.o
                                0x214 (size before relaxing)
 .debug_str     0x0000075b       0x6c MCAL/ICU/ICU_Core.o
                                0x1d2 (size before relaxing)
 .debug_str     0x000007c7      0x129 MCAL/IRQH/IRQH_Core.o
                                0x310 (size before relaxing)
 .debug_str     0x000008f0       0x19 MCAL/PORT/PORT_Core.o
                                0x1e6 (size before relaxing)
 .debug_str     0x00000909       0x68 MCAL/Timer/Time_Core.o
                                0x20d (size before relaxing)
 .debug_str     0x00000971       0xdd MCAL/UART/UART_Core.o
                                0x25b (size before relaxing)
 .debug_str     0x00000a4e       0xb0 OS/heap_1.o
                                0x22b (size before relaxing)
 .debug_str     0x00000afe      0x136 OS/list.o
                                0x2ba (size before relaxing)
 .debug_str     0x00000c34      0x119 OS/port.o
                                0x2b3 (size before relaxing)
 .debug_str     0x00000d4d      0x428 OS/queue.o
                                0x761 (size before relaxing)
 .debug_str     0x00001175      0x713 OS/tasks.o
                                0xbe3 (size before relaxing)

.debug_loc      0x00000000     0x48de
 *(.debug_loc)
 .debug_loc     0x00000000       0xdc App/Main/main.o
 .debug_loc     0x000000dc      0x137 HAL/KeyPad/KeyPad_Core.o
 .debug_loc     0x00000213      0x525 HAL/LCD/LCD_Core.o
 .debug_loc     0x00000738       0x25 MCAL/ADC/ADC_Core.o
 .debug_loc     0x0000075d      0x4fe MCAL/DIO/DIO_Core.o
 .debug_loc     0x00000c5b      0x459 MCAL/IRQH/IRQH_Core.o
 .debug_loc     0x000010b4      0x151 MCAL/PORT/PORT_Core.o
 .debug_loc     0x00001205       0x58 MCAL/UART/UART_Core.o
 .debug_loc     0x0000125d       0xf1 OS/heap_1.o
 .debug_loc     0x0000134e      0x145 OS/list.o
 .debug_loc     0x00001493      0x2a0 OS/port.o
 .debug_loc     0x00001733     0x16a0 OS/queue.o
 .debug_loc     0x00002dd3     0x1b0b OS/tasks.o

.debug_macinfo
 *(.debug_macinfo)

.debug_weaknames
 *(.debug_weaknames)

.debug_funcnames
 *(.debug_funcnames)

.debug_typenames
 *(.debug_typenames)

.debug_varnames
 *(.debug_varnames)

.debug_pubtypes
 *(.debug_pubtypes)

.debug_ranges   0x00000000      0x4a8
 *(.debug_ranges)
 .debug_ranges  0x00000000       0x28 App/Main/main.o
 .debug_ranges  0x00000028       0x18 HAL/KeyPad/KeyPad_Core.o
 .debug_ranges  0x00000040       0x48 HAL/LCD/LCD_Core.o
 .debug_ranges  0x00000088       0x18 MCAL/ADC/ADC_Core.o
 .debug_ranges  0x000000a0       0x38 MCAL/DIO/DIO_Core.o
 .debug_ranges  0x000000d8       0x18 MCAL/ICU/ICU_Core.o
 .debug_ranges  0x000000f0       0x58 MCAL/IRQH/IRQH_Core.o
 .debug_ranges  0x00000148       0x10 MCAL/PORT/PORT_Core.o
 .debug_ranges  0x00000158       0x18 MCAL/Timer/Time_Core.o
 .debug_ranges  0x00000170       0x30 MCAL/UART/UART_Core.o
 .debug_ranges  0x000001a0       0x28 OS/heap_1.o
 .debug_ranges  0x000001c8       0x30 OS/list.o
 .debug_ranges  0x000001f8       0x40 OS/port.o
 .debug_ranges  0x00000238      0x100 OS/queue.o
 .debug_ranges  0x00000338      0x170 OS/tasks.o

.debug_macro
 *(.debug_macro)
OUTPUT(COTS.elf elf32-avr)
LOAD linker stubs
