Archive member included to satisfy reference by file (symbol)

c:/program files (x86)/atmel/studio/7.0/toolchain/avr8/avr8-gnu-toolchain/bin/../lib/gcc/avr/5.4.0/../../../../avr/lib/avr5\libm.a(divsf3.o)
                              HAL/BVM/BVM_Core.o (__divsf3)
c:/program files (x86)/atmel/studio/7.0/toolchain/avr8/avr8-gnu-toolchain/bin/../lib/gcc/avr/5.4.0/../../../../avr/lib/avr5\libm.a(divsf3x.o)
                              c:/program files (x86)/atmel/studio/7.0/toolchain/avr8/avr8-gnu-toolchain/bin/../lib/gcc/avr/5.4.0/../../../../avr/lib/avr5\libm.a(divsf3.o) (__divsf3x)
c:/program files (x86)/atmel/studio/7.0/toolchain/avr8/avr8-gnu-toolchain/bin/../lib/gcc/avr/5.4.0/../../../../avr/lib/avr5\libm.a(fixunssfsi.o)
                              HAL/BVM/BVM_Core.o (__fixunssfsi)
c:/program files (x86)/atmel/studio/7.0/toolchain/avr8/avr8-gnu-toolchain/bin/../lib/gcc/avr/5.4.0/../../../../avr/lib/avr5\libm.a(floatsisf.o)
                              HAL/BVM/BVM_Core.o (__floatunsisf)
c:/program files (x86)/atmel/studio/7.0/toolchain/avr8/avr8-gnu-toolchain/bin/../lib/gcc/avr/5.4.0/../../../../avr/lib/avr5\libm.a(fp_inf.o)
                              c:/program files (x86)/atmel/studio/7.0/toolchain/avr8/avr8-gnu-toolchain/bin/../lib/gcc/avr/5.4.0/../../../../avr/lib/avr5\libm.a(divsf3x.o) (__fp_inf)
c:/program files (x86)/atmel/studio/7.0/toolchain/avr8/avr8-gnu-toolchain/bin/../lib/gcc/avr/5.4.0/../../../../avr/lib/avr5\libm.a(fp_nan.o)
                              c:/program files (x86)/atmel/studio/7.0/toolchain/avr8/avr8-gnu-toolchain/bin/../lib/gcc/avr/5.4.0/../../../../avr/lib/avr5\libm.a(divsf3x.o) (__fp_nan)
c:/program files (x86)/atmel/studio/7.0/toolchain/avr8/avr8-gnu-toolchain/bin/../lib/gcc/avr/5.4.0/../../../../avr/lib/avr5\libm.a(fp_pscA.o)
                              c:/program files (x86)/atmel/studio/7.0/toolchain/avr8/avr8-gnu-toolchain/bin/../lib/gcc/avr/5.4.0/../../../../avr/lib/avr5\libm.a(divsf3x.o) (__fp_pscA)
c:/program files (x86)/atmel/studio/7.0/toolchain/avr8/avr8-gnu-toolchain/bin/../lib/gcc/avr/5.4.0/../../../../avr/lib/avr5\libm.a(fp_pscB.o)
                              c:/program files (x86)/atmel/studio/7.0/toolchain/avr8/avr8-gnu-toolchain/bin/../lib/gcc/avr/5.4.0/../../../../avr/lib/avr5\libm.a(divsf3x.o) (__fp_pscB)
c:/program files (x86)/atmel/studio/7.0/toolchain/avr8/avr8-gnu-toolchain/bin/../lib/gcc/avr/5.4.0/../../../../avr/lib/avr5\libm.a(fp_round.o)
                              c:/program files (x86)/atmel/studio/7.0/toolchain/avr8/avr8-gnu-toolchain/bin/../lib/gcc/avr/5.4.0/../../../../avr/lib/avr5\libm.a(divsf3.o) (__fp_round)
c:/program files (x86)/atmel/studio/7.0/toolchain/avr8/avr8-gnu-toolchain/bin/../lib/gcc/avr/5.4.0/../../../../avr/lib/avr5\libm.a(fp_split3.o)
                              c:/program files (x86)/atmel/studio/7.0/toolchain/avr8/avr8-gnu-toolchain/bin/../lib/gcc/avr/5.4.0/../../../../avr/lib/avr5\libm.a(divsf3x.o) (__fp_split3)
c:/program files (x86)/atmel/studio/7.0/toolchain/avr8/avr8-gnu-toolchain/bin/../lib/gcc/avr/5.4.0/../../../../avr/lib/avr5\libm.a(fp_zero.o)
                              c:/program files (x86)/atmel/studio/7.0/toolchain/avr8/avr8-gnu-toolchain/bin/../lib/gcc/avr/5.4.0/../../../../avr/lib/avr5\libm.a(fixunssfsi.o) (__fp_zero)
c:/program files (x86)/atmel/studio/7.0/toolchain/avr8/avr8-gnu-toolchain/bin/../lib/gcc/avr/5.4.0/../../../../avr/lib/avr5\libm.a(mulsf3.o)
                              HAL/BVM/BVM_Core.o (__mulsf3)
c:/program files (x86)/atmel/studio/7.0/toolchain/avr8/avr8-gnu-toolchain/bin/../lib/gcc/avr/5.4.0/../../../../avr/lib/avr5\libm.a(mulsf3x.o)
                              c:/program files (x86)/atmel/studio/7.0/toolchain/avr8/avr8-gnu-toolchain/bin/../lib/gcc/avr/5.4.0/../../../../avr/lib/avr5\libm.a(mulsf3.o) (__mulsf3x)
c:/program files (x86)/atmel/studio/7.0/toolchain/avr8/avr8-gnu-toolchain/bin/../lib/gcc/avr/5.4.0/avr5\libgcc.a(_udivmodsi4.o)
                              HAL/LCD/LCD_Core.o (__udivmodsi4)
c:/program files (x86)/atmel/studio/7.0/toolchain/avr8/avr8-gnu-toolchain/bin/../lib/gcc/avr/5.4.0/avr5\libgcc.a(_divmodsi4.o)
                              HAL/LCD/LCD_Core.o (__divmodsi4)
c:/program files (x86)/atmel/studio/7.0/toolchain/avr8/avr8-gnu-toolchain/bin/../lib/gcc/avr/5.4.0/avr5\libgcc.a(_negsi2.o)
                              c:/program files (x86)/atmel/studio/7.0/toolchain/avr8/avr8-gnu-toolchain/bin/../lib/gcc/avr/5.4.0/avr5\libgcc.a(_divmodsi4.o) (__negsi2)
c:/program files (x86)/atmel/studio/7.0/toolchain/avr8/avr8-gnu-toolchain/bin/../lib/gcc/avr/5.4.0/avr5\libgcc.a(_exit.o)
                              C:/Program Files (x86)/Atmel/Studio/7.0/Packs/atmel/ATmega_DFP/1.7.374/gcc/dev/atmega32/avr5/crtatmega32.o (exit)
c:/program files (x86)/atmel/studio/7.0/toolchain/avr8/avr8-gnu-toolchain/bin/../lib/gcc/avr/5.4.0/avr5\libgcc.a(_copy_data.o)
                              App/CFGH/HAL_CFG/KeyPad_CFG/KeyPad_CFG.o (__do_copy_data)
c:/program files (x86)/atmel/studio/7.0/toolchain/avr8/avr8-gnu-toolchain/bin/../lib/gcc/avr/5.4.0/avr5\libgcc.a(_clear_bss.o)
                              App/Calculator/Calculator.o (__do_clear_bss)
c:/program files (x86)/atmel/studio/7.0/toolchain/avr8/avr8-gnu-toolchain/bin/../lib/gcc/avr/5.4.0/avr5\libgcc.a(_umulhisi3.o)
                              MCAL/ADC/ADC_Core.o (__umulhisi3)
c:/program files (x86)/atmel/studio/7.0/toolchain/avr8/avr8-gnu-toolchain/bin/../lib/gcc/avr/5.4.0/avr5\libgcc.a(_muluhisi3.o)
                              HAL/Pulse_meter/Pulse_Meter_Core.o (__muluhisi3)

Allocating common symbols
Common symbol       size              file

UART_TRANSMITE_DATA
                    0x8               MCAL/UART/UART_Core.o
UART_RECIEVED_DATA  0x4               MCAL/UART/UART_Core.o
calculation         0x82              App/Calculator/Calculator.o
TxData_Buffert      0x8               MCAL/UART/UART_Core.o

Discarded input sections

 .data          0x00000000        0x0 C:/Program Files (x86)/Atmel/Studio/7.0/Packs/atmel/ATmega_DFP/1.7.374/gcc/dev/atmega32/avr5/crtatmega32.o
 .bss           0x00000000        0x0 C:/Program Files (x86)/Atmel/Studio/7.0/Packs/atmel/ATmega_DFP/1.7.374/gcc/dev/atmega32/avr5/crtatmega32.o
 .text          0x00000000        0x0 App/Calculator/Calculator.o
 .data          0x00000000        0x0 App/Calculator/Calculator.o
 .bss           0x00000000        0x0 App/Calculator/Calculator.o
 .text.calc_init
                0x00000000        0xc App/Calculator/Calculator.o
 .text.Know_num
                0x00000000        0x2 App/Calculator/Calculator.o
 .text.Answer   0x00000000        0x2 App/Calculator/Calculator.o
 .bss.arr       0x00000000       0x40 App/Calculator/Calculator.o
 .bss.Counter   0x00000000        0x1 App/Calculator/Calculator.o
 .debug_info    0x00000000      0x19f App/Calculator/Calculator.o
 .debug_abbrev  0x00000000       0xbf App/Calculator/Calculator.o
 .debug_aranges
                0x00000000       0x30 App/Calculator/Calculator.o
 .debug_ranges  0x00000000       0x20 App/Calculator/Calculator.o
 .debug_line    0x00000000       0xb5 App/Calculator/Calculator.o
 .debug_str     0x00000000      0x1fd App/Calculator/Calculator.o
 .comment       0x00000000       0x31 App/Calculator/Calculator.o
 .debug_frame   0x00000000       0x44 App/Calculator/Calculator.o
 COMMON         0x00000000       0x82 App/Calculator/Calculator.o
 .text          0x00000000        0x0 App/Calculator/Calculator_main.o
 .data          0x00000000        0x0 App/Calculator/Calculator_main.o
 .bss           0x00000000        0x0 App/Calculator/Calculator_main.o
 .debug_line    0x00000000        0x0 App/Calculator/Calculator_main.o
 .debug_str     0x00000000      0x119 App/Calculator/Calculator_main.o
 .comment       0x00000000       0x31 App/Calculator/Calculator_main.o
 .text          0x00000000        0x0 App/CFGH/HAL_CFG/KeyPad_CFG/KeyPad_CFG.o
 .data          0x00000000        0x0 App/CFGH/HAL_CFG/KeyPad_CFG/KeyPad_CFG.o
 .bss           0x00000000        0x0 App/CFGH/HAL_CFG/KeyPad_CFG/KeyPad_CFG.o
 .data.KEYPAD_Values
                0x00000000        0xc App/CFGH/HAL_CFG/KeyPad_CFG/KeyPad_CFG.o
 .debug_info    0x00000000       0x97 App/CFGH/HAL_CFG/KeyPad_CFG/KeyPad_CFG.o
 .debug_abbrev  0x00000000       0x4b App/CFGH/HAL_CFG/KeyPad_CFG/KeyPad_CFG.o
 .debug_aranges
                0x00000000       0x18 App/CFGH/HAL_CFG/KeyPad_CFG/KeyPad_CFG.o
 .debug_line    0x00000000       0x5c App/CFGH/HAL_CFG/KeyPad_CFG/KeyPad_CFG.o
 .debug_str     0x00000000      0x1a2 App/CFGH/HAL_CFG/KeyPad_CFG/KeyPad_CFG.o
 .comment       0x00000000       0x31 App/CFGH/HAL_CFG/KeyPad_CFG/KeyPad_CFG.o
 .text          0x00000000        0x0 App/CFGH/HAL_CFG/SevSeg_CFG/Seg_CFG.o
 .data          0x00000000        0x0 App/CFGH/HAL_CFG/SevSeg_CFG/Seg_CFG.o
 .bss           0x00000000        0x0 App/CFGH/HAL_CFG/SevSeg_CFG/Seg_CFG.o
 .debug_line    0x00000000        0x0 App/CFGH/HAL_CFG/SevSeg_CFG/Seg_CFG.o
 .debug_str     0x00000000      0x11e App/CFGH/HAL_CFG/SevSeg_CFG/Seg_CFG.o
 .comment       0x00000000       0x31 App/CFGH/HAL_CFG/SevSeg_CFG/Seg_CFG.o
 .text          0x00000000        0x0 App/CFGH/MCAL_CFG/PORT_CFG/PORT_LCFG.o
 .data          0x00000000        0x0 App/CFGH/MCAL_CFG/PORT_CFG/PORT_LCFG.o
 .bss           0x00000000        0x0 App/CFGH/MCAL_CFG/PORT_CFG/PORT_LCFG.o
 .text          0x00000000        0x0 App/Main/main.o
 .data          0x00000000        0x0 App/Main/main.o
 .bss           0x00000000        0x0 App/Main/main.o
 .text          0x00000000        0x0 App/Smart Door/Remote_Smart_Door.o
 .data          0x00000000        0x0 App/Smart Door/Remote_Smart_Door.o
 .bss           0x00000000        0x0 App/Smart Door/Remote_Smart_Door.o
 .debug_line    0x00000000        0x0 App/Smart Door/Remote_Smart_Door.o
 .debug_str     0x00000000      0x11b App/Smart Door/Remote_Smart_Door.o
 .comment       0x00000000       0x31 App/Smart Door/Remote_Smart_Door.o
 .text          0x00000000        0x0 App/Smart Door/Smart_Door.o
 .data          0x00000000        0x0 App/Smart Door/Smart_Door.o
 .bss           0x00000000        0x0 App/Smart Door/Smart_Door.o
 .text.Smart_Door_init
                0x00000000       0x12 App/Smart Door/Smart_Door.o
 .text.Smart_Door_Inputs
                0x00000000       0x22 App/Smart Door/Smart_Door.o
 .text.Smart_Door_Reset
                0x00000000       0x1e App/Smart Door/Smart_Door.o
 .rodata.str1.1
                0x00000000       0x30 App/Smart Door/Smart_Door.o
 .text.Smart_Door_Set
                0x00000000      0x176 App/Smart Door/Smart_Door.o
 .bss.Input_Password
                0x00000000        0x4 App/Smart Door/Smart_Door.o
 .bss.Smart_counter
                0x00000000        0x1 App/Smart Door/Smart_Door.o
 .data.Saved_Password
                0x00000000        0x4 App/Smart Door/Smart_Door.o
 .debug_info    0x00000000      0x5e3 App/Smart Door/Smart_Door.o
 .debug_abbrev  0x00000000      0x18d App/Smart Door/Smart_Door.o
 .debug_loc     0x00000000      0x26e App/Smart Door/Smart_Door.o
 .debug_aranges
                0x00000000       0x38 App/Smart Door/Smart_Door.o
 .debug_ranges  0x00000000       0x28 App/Smart Door/Smart_Door.o
 .debug_line    0x00000000      0x36a App/Smart Door/Smart_Door.o
 .debug_str     0x00000000      0x371 App/Smart Door/Smart_Door.o
 .comment       0x00000000       0x31 App/Smart Door/Smart_Door.o
 .debug_frame   0x00000000       0x6c App/Smart Door/Smart_Door.o
 .text          0x00000000        0x0 App/Smart Door/Smart_door_main.o
 .data          0x00000000        0x0 App/Smart Door/Smart_door_main.o
 .bss           0x00000000        0x0 App/Smart Door/Smart_door_main.o
 .debug_line    0x00000000        0x0 App/Smart Door/Smart_door_main.o
 .debug_str     0x00000000      0x119 App/Smart Door/Smart_door_main.o
 .comment       0x00000000       0x31 App/Smart Door/Smart_door_main.o
 .text          0x00000000        0x0 HAL/BTN/BTN.o
 .data          0x00000000        0x0 HAL/BTN/BTN.o
 .bss           0x00000000        0x0 HAL/BTN/BTN.o
 .text.BTN_GetValue
                0x00000000       0x4e HAL/BTN/BTN.o
 .debug_info    0x00000000      0x19e HAL/BTN/BTN.o
 .debug_abbrev  0x00000000      0x111 HAL/BTN/BTN.o
 .debug_loc     0x00000000       0xc9 HAL/BTN/BTN.o
 .debug_aranges
                0x00000000       0x20 HAL/BTN/BTN.o
 .debug_ranges  0x00000000       0x10 HAL/BTN/BTN.o
 .debug_line    0x00000000      0x163 HAL/BTN/BTN.o
 .debug_str     0x00000000      0x21a HAL/BTN/BTN.o
 .comment       0x00000000       0x31 HAL/BTN/BTN.o
 .debug_frame   0x00000000       0x3c HAL/BTN/BTN.o
 .text          0x00000000        0x0 HAL/Buzzer/BUZZER.o
 .data          0x00000000        0x0 HAL/Buzzer/BUZZER.o
 .bss           0x00000000        0x0 HAL/Buzzer/BUZZER.o
 .text.BUZZER_SET_VALUE
                0x00000000        0xa HAL/Buzzer/BUZZER.o
 .text.BUZZER_toggle
                0x00000000        0x8 HAL/Buzzer/BUZZER.o
 .debug_info    0x00000000      0x12d HAL/Buzzer/BUZZER.o
 .debug_abbrev  0x00000000       0xa3 HAL/Buzzer/BUZZER.o
 .debug_loc     0x00000000       0x2c HAL/Buzzer/BUZZER.o
 .debug_aranges
                0x00000000       0x28 HAL/Buzzer/BUZZER.o
 .debug_ranges  0x00000000       0x18 HAL/Buzzer/BUZZER.o
 .debug_line    0x00000000       0x87 HAL/Buzzer/BUZZER.o
 .debug_str     0x00000000      0x215 HAL/Buzzer/BUZZER.o
 .comment       0x00000000       0x31 HAL/Buzzer/BUZZER.o
 .debug_frame   0x00000000       0x34 HAL/Buzzer/BUZZER.o
 .text          0x00000000        0x0 HAL/BVM/BVM_Core.o
 .data          0x00000000        0x0 HAL/BVM/BVM_Core.o
 .bss           0x00000000        0x0 HAL/BVM/BVM_Core.o
 .text.BVM_Init
                0x00000000        0x6 HAL/BVM/BVM_Core.o
 .rodata.str1.1
                0x00000000        0x7 HAL/BVM/BVM_Core.o
 .text.BVM_Read
                0x00000000      0x152 HAL/BVM/BVM_Core.o
 .bss.arr.1822  0x00000000       0x14 HAL/BVM/BVM_Core.o
 .debug_info    0x00000000      0x300 HAL/BVM/BVM_Core.o
 .debug_abbrev  0x00000000      0x17d HAL/BVM/BVM_Core.o
 .debug_loc     0x00000000      0x16b HAL/BVM/BVM_Core.o
 .debug_aranges
                0x00000000       0x28 HAL/BVM/BVM_Core.o
 .debug_ranges  0x00000000       0x18 HAL/BVM/BVM_Core.o
 .debug_line    0x00000000      0x22e HAL/BVM/BVM_Core.o
 .debug_str     0x00000000      0x295 HAL/BVM/BVM_Core.o
 .comment       0x00000000       0x31 HAL/BVM/BVM_Core.o
 .debug_frame   0x00000000       0x50 HAL/BVM/BVM_Core.o
 .text          0x00000000        0x0 HAL/DC_Motor/DC_Motor_Core.o
 .data          0x00000000        0x0 HAL/DC_Motor/DC_Motor_Core.o
 .bss           0x00000000        0x0 HAL/DC_Motor/DC_Motor_Core.o
 .text.DC_Motor_init
                0x00000000        0x6 HAL/DC_Motor/DC_Motor_Core.o
 .text.DC_Motor1
                0x00000000       0x3a HAL/DC_Motor/DC_Motor_Core.o
 .text.DC_Motor2
                0x00000000       0x3a HAL/DC_Motor/DC_Motor_Core.o
 .text.DC_Motor1_Stop
                0x00000000       0x12 HAL/DC_Motor/DC_Motor_Core.o
 .text.DC_Motor2_Stop
                0x00000000       0x12 HAL/DC_Motor/DC_Motor_Core.o
 .debug_info    0x00000000      0x2dc HAL/DC_Motor/DC_Motor_Core.o
 .debug_abbrev  0x00000000       0xd9 HAL/DC_Motor/DC_Motor_Core.o
 .debug_loc     0x00000000      0x13c HAL/DC_Motor/DC_Motor_Core.o
 .debug_aranges
                0x00000000       0x40 HAL/DC_Motor/DC_Motor_Core.o
 .debug_ranges  0x00000000       0x30 HAL/DC_Motor/DC_Motor_Core.o
 .debug_line    0x00000000      0x169 HAL/DC_Motor/DC_Motor_Core.o
 .debug_str     0x00000000      0x21d HAL/DC_Motor/DC_Motor_Core.o
 .comment       0x00000000       0x31 HAL/DC_Motor/DC_Motor_Core.o
 .debug_frame   0x00000000       0x74 HAL/DC_Motor/DC_Motor_Core.o
 .text          0x00000000        0x0 HAL/EEPROM/EEPROM_Core.o
 .data          0x00000000        0x0 HAL/EEPROM/EEPROM_Core.o
 .bss           0x00000000        0x0 HAL/EEPROM/EEPROM_Core.o
 .text.EEPROM_WriteByte
                0x00000000       0x2e HAL/EEPROM/EEPROM_Core.o
 .text.EEPROM_WriteMultipleByte
                0x00000000       0x48 HAL/EEPROM/EEPROM_Core.o
 .text.EEPROM_ReadByte
                0x00000000       0x34 HAL/EEPROM/EEPROM_Core.o
 .debug_info    0x00000000      0x2c0 HAL/EEPROM/EEPROM_Core.o
 .debug_abbrev  0x00000000       0xc1 HAL/EEPROM/EEPROM_Core.o
 .debug_loc     0x00000000      0x2ab HAL/EEPROM/EEPROM_Core.o
 .debug_aranges
                0x00000000       0x30 HAL/EEPROM/EEPROM_Core.o
 .debug_ranges  0x00000000       0x20 HAL/EEPROM/EEPROM_Core.o
 .debug_line    0x00000000      0x128 HAL/EEPROM/EEPROM_Core.o
 .debug_str     0x00000000      0x284 HAL/EEPROM/EEPROM_Core.o
 .comment       0x00000000       0x31 HAL/EEPROM/EEPROM_Core.o
 .debug_frame   0x00000000       0x7c HAL/EEPROM/EEPROM_Core.o
 .text          0x00000000        0x0 HAL/KeyPad/KeyPad_Core.o
 .data          0x00000000        0x0 HAL/KeyPad/KeyPad_Core.o
 .bss           0x00000000        0x0 HAL/KeyPad/KeyPad_Core.o
 .text.KEYPAD_init
                0x00000000       0x22 HAL/KeyPad/KeyPad_Core.o
 .text.KeyPAD_GetValue
                0x00000000       0x9e HAL/KeyPad/KeyPad_Core.o
 .debug_info    0x00000000      0x2ee HAL/KeyPad/KeyPad_Core.o
 .debug_abbrev  0x00000000      0x177 HAL/KeyPad/KeyPad_Core.o
 .debug_loc     0x00000000      0x137 HAL/KeyPad/KeyPad_Core.o
 .debug_aranges
                0x00000000       0x28 HAL/KeyPad/KeyPad_Core.o
 .debug_ranges  0x00000000       0x18 HAL/KeyPad/KeyPad_Core.o
 .debug_line    0x00000000      0x215 HAL/KeyPad/KeyPad_Core.o
 .debug_str     0x00000000      0x2b2 HAL/KeyPad/KeyPad_Core.o
 .comment       0x00000000       0x31 HAL/KeyPad/KeyPad_Core.o
 .debug_frame   0x00000000       0x54 HAL/KeyPad/KeyPad_Core.o
 .text          0x00000000        0x0 HAL/LCD/LCD_Core.o
 .data          0x00000000        0x0 HAL/LCD/LCD_Core.o
 .bss           0x00000000        0x0 HAL/LCD/LCD_Core.o
 .text.LCD_GoTo
                0x00000000       0x30 HAL/LCD/LCD_Core.o
 .text.Custom_Char
                0x00000000       0x54 HAL/LCD/LCD_Core.o
 .data.Custom_Char_Arr
                0x00000000       0x40 HAL/LCD/LCD_Core.o
 .text          0x00000000        0x0 HAL/LED/LED.o
 .data          0x00000000        0x0 HAL/LED/LED.o
 .bss           0x00000000        0x0 HAL/LED/LED.o
 .text.LED_SetValue
                0x00000000        0x6 HAL/LED/LED.o
 .text.LED_Toggle
                0x00000000        0x6 HAL/LED/LED.o
 .debug_info    0x00000000      0x11a HAL/LED/LED.o
 .debug_abbrev  0x00000000       0x80 HAL/LED/LED.o
 .debug_loc     0x00000000       0x63 HAL/LED/LED.o
 .debug_aranges
                0x00000000       0x28 HAL/LED/LED.o
 .debug_ranges  0x00000000       0x18 HAL/LED/LED.o
 .debug_line    0x00000000       0x88 HAL/LED/LED.o
 .debug_str     0x00000000      0x1bb HAL/LED/LED.o
 .comment       0x00000000       0x31 HAL/LED/LED.o
 .debug_frame   0x00000000       0x34 HAL/LED/LED.o
 .text          0x00000000        0x0 HAL/Pulse_meter/Pulse_Meter_Core.o
 .data          0x00000000        0x0 HAL/Pulse_meter/Pulse_Meter_Core.o
 .bss           0x00000000        0x0 HAL/Pulse_meter/Pulse_Meter_Core.o
 .text.Pulse_Meter_init
                0x00000000        0xa HAL/Pulse_meter/Pulse_Meter_Core.o
 .text.Pulse_Meter_Measurement
                0x00000000       0x7e HAL/Pulse_meter/Pulse_Meter_Core.o
 .bss.Pulse_Meter_Duty_Cycle
                0x00000000        0x4 HAL/Pulse_meter/Pulse_Meter_Core.o
 .bss.Pulse_Meter_Frequancy
                0x00000000        0x4 HAL/Pulse_meter/Pulse_Meter_Core.o
 .debug_info    0x00000000      0x173 HAL/Pulse_meter/Pulse_Meter_Core.o
 .debug_abbrev  0x00000000       0xa8 HAL/Pulse_meter/Pulse_Meter_Core.o
 .debug_loc     0x00000000       0x1e HAL/Pulse_meter/Pulse_Meter_Core.o
 .debug_aranges
                0x00000000       0x28 HAL/Pulse_meter/Pulse_Meter_Core.o
 .debug_ranges  0x00000000       0x18 HAL/Pulse_meter/Pulse_Meter_Core.o
 .debug_line    0x00000000       0xfc HAL/Pulse_meter/Pulse_Meter_Core.o
 .debug_str     0x00000000      0x23f HAL/Pulse_meter/Pulse_Meter_Core.o
 .comment       0x00000000       0x31 HAL/Pulse_meter/Pulse_Meter_Core.o
 .debug_frame   0x00000000       0x34 HAL/Pulse_meter/Pulse_Meter_Core.o
 .text          0x00000000        0x0 HAL/Servo_Motor/Servo_Core.o
 .data          0x00000000        0x0 HAL/Servo_Motor/Servo_Core.o
 .bss           0x00000000        0x0 HAL/Servo_Motor/Servo_Core.o
 .text.Servo_Motor_init
                0x00000000        0x6 HAL/Servo_Motor/Servo_Core.o
 .text.Servo_Motor_GENERATE
                0x00000000       0x1a HAL/Servo_Motor/Servo_Core.o
 .debug_info    0x00000000      0x104 HAL/Servo_Motor/Servo_Core.o
 .debug_abbrev  0x00000000       0x8b HAL/Servo_Motor/Servo_Core.o
 .debug_loc     0x00000000       0x53 HAL/Servo_Motor/Servo_Core.o
 .debug_aranges
                0x00000000       0x28 HAL/Servo_Motor/Servo_Core.o
 .debug_ranges  0x00000000       0x18 HAL/Servo_Motor/Servo_Core.o
 .debug_line    0x00000000       0x9d HAL/Servo_Motor/Servo_Core.o
 .debug_str     0x00000000      0x1bd HAL/Servo_Motor/Servo_Core.o
 .comment       0x00000000       0x31 HAL/Servo_Motor/Servo_Core.o
 .debug_frame   0x00000000       0x34 HAL/Servo_Motor/Servo_Core.o
 .text          0x00000000        0x0 HAL/SevSeg/SevSeg_Core.o
 .data          0x00000000        0x0 HAL/SevSeg/SevSeg_Core.o
 .bss           0x00000000        0x0 HAL/SevSeg/SevSeg_Core.o
 .text.SevSeg_Init
                0x00000000        0x2 HAL/SevSeg/SevSeg_Core.o
 .text.SevSeg_Display
                0x00000000        0x2 HAL/SevSeg/SevSeg_Core.o
 .debug_info    0x00000000      0x105 HAL/SevSeg/SevSeg_Core.o
 .debug_abbrev  0x00000000       0xa2 HAL/SevSeg/SevSeg_Core.o
 .debug_aranges
                0x00000000       0x28 HAL/SevSeg/SevSeg_Core.o
 .debug_ranges  0x00000000       0x18 HAL/SevSeg/SevSeg_Core.o
 .debug_line    0x00000000       0x6d HAL/SevSeg/SevSeg_Core.o
 .debug_str     0x00000000      0x1ee HAL/SevSeg/SevSeg_Core.o
 .comment       0x00000000       0x31 HAL/SevSeg/SevSeg_Core.o
 .debug_frame   0x00000000       0x34 HAL/SevSeg/SevSeg_Core.o
 .text          0x00000000        0x0 HAL/Stepper_Motor/Stepper_Core.o
 .data          0x00000000        0x0 HAL/Stepper_Motor/Stepper_Core.o
 .bss           0x00000000        0x0 HAL/Stepper_Motor/Stepper_Core.o
 .text.Stepper_set
                0x00000000       0xe4 HAL/Stepper_Motor/Stepper_Core.o
 .debug_info    0x00000000      0x34f HAL/Stepper_Motor/Stepper_Core.o
 .debug_abbrev  0x00000000       0xb0 HAL/Stepper_Motor/Stepper_Core.o
 .debug_loc     0x00000000       0xd8 HAL/Stepper_Motor/Stepper_Core.o
 .debug_aranges
                0x00000000       0x20 HAL/Stepper_Motor/Stepper_Core.o
 .debug_ranges  0x00000000       0x10 HAL/Stepper_Motor/Stepper_Core.o
 .debug_line    0x00000000      0x131 HAL/Stepper_Motor/Stepper_Core.o
 .debug_str     0x00000000      0x22e HAL/Stepper_Motor/Stepper_Core.o
 .comment       0x00000000       0x31 HAL/Stepper_Motor/Stepper_Core.o
 .debug_frame   0x00000000       0x24 HAL/Stepper_Motor/Stepper_Core.o
 .text          0x00000000        0x0 HAL/TempSensor/TempSensor_core.o
 .data          0x00000000        0x0 HAL/TempSensor/TempSensor_core.o
 .bss           0x00000000        0x0 HAL/TempSensor/TempSensor_core.o
 .text.TempSensor_init
                0x00000000        0x6 HAL/TempSensor/TempSensor_core.o
 .text.TempSensor_Read
                0x00000000       0x24 HAL/TempSensor/TempSensor_core.o
 .debug_info    0x00000000      0x157 HAL/TempSensor/TempSensor_core.o
 .debug_abbrev  0x00000000       0xcf HAL/TempSensor/TempSensor_core.o
 .debug_loc     0x00000000       0x24 HAL/TempSensor/TempSensor_core.o
 .debug_aranges
                0x00000000       0x28 HAL/TempSensor/TempSensor_core.o
 .debug_ranges  0x00000000       0x18 HAL/TempSensor/TempSensor_core.o
 .debug_line    0x00000000       0xc0 HAL/TempSensor/TempSensor_core.o
 .debug_str     0x00000000      0x222 HAL/TempSensor/TempSensor_core.o
 .comment       0x00000000       0x31 HAL/TempSensor/TempSensor_core.o
 .debug_frame   0x00000000       0x34 HAL/TempSensor/TempSensor_core.o
 .text          0x00000000        0x0 HAL/Ultrasonic/Ultrasonic_Core.o
 .data          0x00000000        0x0 HAL/Ultrasonic/Ultrasonic_Core.o
 .bss           0x00000000        0x0 HAL/Ultrasonic/Ultrasonic_Core.o
 .text          0x00000000        0x0 MCAL/ADC/ADC_Core.o
 .data          0x00000000        0x0 MCAL/ADC/ADC_Core.o
 .bss           0x00000000        0x0 MCAL/ADC/ADC_Core.o
 .text.ADC_Init
                0x00000000       0x36 MCAL/ADC/ADC_Core.o
 .text.ADC_Read
                0x00000000       0x34 MCAL/ADC/ADC_Core.o
 .text          0x00000000        0x0 MCAL/DIO/DIO_Core.o
 .data          0x00000000        0x0 MCAL/DIO/DIO_Core.o
 .bss           0x00000000        0x0 MCAL/DIO/DIO_Core.o
 .text.DIO_ReadChannel
                0x00000000       0x82 MCAL/DIO/DIO_Core.o
 .text.DIO_FlipChannel
                0x00000000       0x82 MCAL/DIO/DIO_Core.o
 .text.DIO_WritePort
                0x00000000       0x26 MCAL/DIO/DIO_Core.o
 .text.DIO_ReadPort
                0x00000000       0x36 MCAL/DIO/DIO_Core.o
 .text.DIO_ReadOutPutPort
                0x00000000       0x36 MCAL/DIO/DIO_Core.o
 .text          0x00000000        0x0 MCAL/I2C/I2C_Core.o
 .data          0x00000000        0x0 MCAL/I2C/I2C_Core.o
 .bss           0x00000000        0x0 MCAL/I2C/I2C_Core.o
 .text.I2C_Master_init
                0x00000000       0x1e MCAL/I2C/I2C_Core.o
 .text.I2C_Start_Condition
                0x00000000       0x1a MCAL/I2C/I2C_Core.o
 .text.I2C_Repeating_Start
                0x00000000       0x1c MCAL/I2C/I2C_Core.o
 .text.I2C_SendAddress_WriteOperation
                0x00000000       0x18 MCAL/I2C/I2C_Core.o
 .text.I2C_SendAddress_ReadOperation
                0x00000000       0x1e MCAL/I2C/I2C_Core.o
 .text.I2C_WriteByte
                0x00000000       0x16 MCAL/I2C/I2C_Core.o
 .text.I2C_ReadByte
                0x00000000       0x16 MCAL/I2C/I2C_Core.o
 .text.I2C_Stop_Condition
                0x00000000        0x6 MCAL/I2C/I2C_Core.o
 .debug_info    0x00000000      0x179 MCAL/I2C/I2C_Core.o
 .debug_abbrev  0x00000000       0xb2 MCAL/I2C/I2C_Core.o
 .debug_loc     0x00000000       0x8e MCAL/I2C/I2C_Core.o
 .debug_aranges
                0x00000000       0x58 MCAL/I2C/I2C_Core.o
 .debug_ranges  0x00000000       0x48 MCAL/I2C/I2C_Core.o
 .debug_line    0x00000000      0x1d6 MCAL/I2C/I2C_Core.o
 .debug_str     0x00000000      0x228 MCAL/I2C/I2C_Core.o
 .comment       0x00000000       0x31 MCAL/I2C/I2C_Core.o
 .debug_frame   0x00000000       0x94 MCAL/I2C/I2C_Core.o
 .text          0x00000000        0x0 MCAL/ICU/ICU_Core.o
 .data          0x00000000        0x0 MCAL/ICU/ICU_Core.o
 .bss           0x00000000        0x0 MCAL/ICU/ICU_Core.o
 .bss.ICU_Time_Total
                0x00000000        0x4 MCAL/ICU/ICU_Core.o
 .bss.ICU_Time_on
                0x00000000        0x4 MCAL/ICU/ICU_Core.o
 .bss.Cap3      0x00000000        0x4 MCAL/ICU/ICU_Core.o
 .text          0x00000000        0x0 MCAL/IRQH/IRQH_Core.o
 .data          0x00000000        0x0 MCAL/IRQH/IRQH_Core.o
 .bss           0x00000000        0x0 MCAL/IRQH/IRQH_Core.o
 .text.IRQG_Set_ExternalINT
                0x00000000        0x2 MCAL/IRQH/IRQH_Core.o
 .text.IRQH_Set_callback
                0x00000000       0x12 MCAL/IRQH/IRQH_Core.o
 .text          0x00000000        0x0 MCAL/PORT/PORT_Core.o
 .data          0x00000000        0x0 MCAL/PORT/PORT_Core.o
 .bss           0x00000000        0x0 MCAL/PORT/PORT_Core.o
 .text          0x00000000        0x0 MCAL/PWM/PWM_Core.o
 .data          0x00000000        0x0 MCAL/PWM/PWM_Core.o
 .bss           0x00000000        0x0 MCAL/PWM/PWM_Core.o
 .text.PWM_init
                0x00000000        0x2 MCAL/PWM/PWM_Core.o
 .text.PWM0_GENERATE
                0x00000000        0x2 MCAL/PWM/PWM_Core.o
 .text.PWM2_GENERATE
                0x00000000        0x2 MCAL/PWM/PWM_Core.o
 .text.PWM1_GENERATE
                0x00000000        0x2 MCAL/PWM/PWM_Core.o
 .debug_info    0x00000000      0x11b MCAL/PWM/PWM_Core.o
 .debug_abbrev  0x00000000       0x87 MCAL/PWM/PWM_Core.o
 .debug_aranges
                0x00000000       0x38 MCAL/PWM/PWM_Core.o
 .debug_ranges  0x00000000       0x28 MCAL/PWM/PWM_Core.o
 .debug_line    0x00000000       0x8a MCAL/PWM/PWM_Core.o
 .debug_str     0x00000000      0x1c0 MCAL/PWM/PWM_Core.o
 .comment       0x00000000       0x31 MCAL/PWM/PWM_Core.o
 .debug_frame   0x00000000       0x54 MCAL/PWM/PWM_Core.o
 .text          0x00000000        0x0 MCAL/SPI/SPI_Core.o
 .data          0x00000000        0x0 MCAL/SPI/SPI_Core.o
 .bss           0x00000000        0x0 MCAL/SPI/SPI_Core.o
 .text          0x00000000        0x0 MCAL/Timer/Time_Core.o
 .data          0x00000000        0x0 MCAL/Timer/Time_Core.o
 .bss           0x00000000        0x0 MCAL/Timer/Time_Core.o
 .text.GPT_SetTime
                0x00000000        0x2 MCAL/Timer/Time_Core.o
 .bss.Time0_Init_value_g
                0x00000000        0x4 MCAL/Timer/Time_Core.o
 .bss.Timer0_Total_num_ovf_g
                0x00000000        0x4 MCAL/Timer/Time_Core.o
 .text          0x00000000        0x0 MCAL/UART/UART_Core.o
 .data          0x00000000        0x0 MCAL/UART/UART_Core.o
 .bss           0x00000000        0x0 MCAL/UART/UART_Core.o
 .text.UART_Init
                0x00000000       0x24 MCAL/UART/UART_Core.o
 .text.UART_InitiateTX
                0x00000000        0xe MCAL/UART/UART_Core.o
 .text.UART_SendData
                0x00000000       0x32 MCAL/UART/UART_Core.o
 .text.UART_ReceiveData
                0x00000000       0x28 MCAL/UART/UART_Core.o
 .text.UART_ReceiveStatus
                0x00000000       0x12 MCAL/UART/UART_Core.o
 .bss.Receive_Counter.1614
                0x00000000        0x1 MCAL/UART/UART_Core.o
 .bss.Receive_Status_Flag
                0x00000000        0x1 MCAL/UART/UART_Core.o
 COMMON         0x00000000       0x14 MCAL/UART/UART_Core.o
 .text          0x00000000        0x0 MCAL/WDT/WDT_Core.o
 .data          0x00000000        0x0 MCAL/WDT/WDT_Core.o
 .bss           0x00000000        0x0 MCAL/WDT/WDT_Core.o
 .text.WDT_ON   0x00000000        0xe MCAL/WDT/WDT_Core.o
 .text.WDT_OFF  0x00000000        0xa MCAL/WDT/WDT_Core.o
 .text.WDT_Refresh
                0x00000000        0xa MCAL/WDT/WDT_Core.o
 .debug_info    0x00000000       0xc9 MCAL/WDT/WDT_Core.o
 .debug_abbrev  0x00000000       0x69 MCAL/WDT/WDT_Core.o
 .debug_aranges
                0x00000000       0x30 MCAL/WDT/WDT_Core.o
 .debug_ranges  0x00000000       0x20 MCAL/WDT/WDT_Core.o
 .debug_line    0x00000000       0x9d MCAL/WDT/WDT_Core.o
 .debug_str     0x00000000      0x191 MCAL/WDT/WDT_Core.o
 .comment       0x00000000       0x31 MCAL/WDT/WDT_Core.o
 .debug_frame   0x00000000       0x44 MCAL/WDT/WDT_Core.o
 .text          0x00000000        0x0 c:/program files (x86)/atmel/studio/7.0/toolchain/avr8/avr8-gnu-toolchain/bin/../lib/gcc/avr/5.4.0/../../../../avr/lib/avr5\libm.a(divsf3.o)
 .data          0x00000000        0x0 c:/program files (x86)/atmel/studio/7.0/toolchain/avr8/avr8-gnu-toolchain/bin/../lib/gcc/avr/5.4.0/../../../../avr/lib/avr5\libm.a(divsf3.o)
 .bss           0x00000000        0x0 c:/program files (x86)/atmel/studio/7.0/toolchain/avr8/avr8-gnu-toolchain/bin/../lib/gcc/avr/5.4.0/../../../../avr/lib/avr5\libm.a(divsf3.o)
 .text.avr-libc.fplib
                0x00000000        0x8 c:/program files (x86)/atmel/studio/7.0/toolchain/avr8/avr8-gnu-toolchain/bin/../lib/gcc/avr/5.4.0/../../../../avr/lib/avr5\libm.a(divsf3.o)
 .text          0x00000000        0x0 c:/program files (x86)/atmel/studio/7.0/toolchain/avr8/avr8-gnu-toolchain/bin/../lib/gcc/avr/5.4.0/../../../../avr/lib/avr5\libm.a(divsf3x.o)
 .data          0x00000000        0x0 c:/program files (x86)/atmel/studio/7.0/toolchain/avr8/avr8-gnu-toolchain/bin/../lib/gcc/avr/5.4.0/../../../../avr/lib/avr5\libm.a(divsf3x.o)
 .bss           0x00000000        0x0 c:/program files (x86)/atmel/studio/7.0/toolchain/avr8/avr8-gnu-toolchain/bin/../lib/gcc/avr/5.4.0/../../../../avr/lib/avr5\libm.a(divsf3x.o)
 .text.avr-libc.fplib
                0x00000000       0xdc c:/program files (x86)/atmel/studio/7.0/toolchain/avr8/avr8-gnu-toolchain/bin/../lib/gcc/avr/5.4.0/../../../../avr/lib/avr5\libm.a(divsf3x.o)
 .text          0x00000000        0x0 c:/program files (x86)/atmel/studio/7.0/toolchain/avr8/avr8-gnu-toolchain/bin/../lib/gcc/avr/5.4.0/../../../../avr/lib/avr5\libm.a(fixunssfsi.o)
 .data          0x00000000        0x0 c:/program files (x86)/atmel/studio/7.0/toolchain/avr8/avr8-gnu-toolchain/bin/../lib/gcc/avr/5.4.0/../../../../avr/lib/avr5\libm.a(fixunssfsi.o)
 .bss           0x00000000        0x0 c:/program files (x86)/atmel/studio/7.0/toolchain/avr8/avr8-gnu-toolchain/bin/../lib/gcc/avr/5.4.0/../../../../avr/lib/avr5\libm.a(fixunssfsi.o)
 .text          0x00000000        0x0 c:/program files (x86)/atmel/studio/7.0/toolchain/avr8/avr8-gnu-toolchain/bin/../lib/gcc/avr/5.4.0/../../../../avr/lib/avr5\libm.a(floatsisf.o)
 .data          0x00000000        0x0 c:/program files (x86)/atmel/studio/7.0/toolchain/avr8/avr8-gnu-toolchain/bin/../lib/gcc/avr/5.4.0/../../../../avr/lib/avr5\libm.a(floatsisf.o)
 .bss           0x00000000        0x0 c:/program files (x86)/atmel/studio/7.0/toolchain/avr8/avr8-gnu-toolchain/bin/../lib/gcc/avr/5.4.0/../../../../avr/lib/avr5\libm.a(floatsisf.o)
 .text          0x00000000        0x0 c:/program files (x86)/atmel/studio/7.0/toolchain/avr8/avr8-gnu-toolchain/bin/../lib/gcc/avr/5.4.0/../../../../avr/lib/avr5\libm.a(fp_inf.o)
 .data          0x00000000        0x0 c:/program files (x86)/atmel/studio/7.0/toolchain/avr8/avr8-gnu-toolchain/bin/../lib/gcc/avr/5.4.0/../../../../avr/lib/avr5\libm.a(fp_inf.o)
 .bss           0x00000000        0x0 c:/program files (x86)/atmel/studio/7.0/toolchain/avr8/avr8-gnu-toolchain/bin/../lib/gcc/avr/5.4.0/../../../../avr/lib/avr5\libm.a(fp_inf.o)
 .text          0x00000000        0x0 c:/program files (x86)/atmel/studio/7.0/toolchain/avr8/avr8-gnu-toolchain/bin/../lib/gcc/avr/5.4.0/../../../../avr/lib/avr5\libm.a(fp_nan.o)
 .data          0x00000000        0x0 c:/program files (x86)/atmel/studio/7.0/toolchain/avr8/avr8-gnu-toolchain/bin/../lib/gcc/avr/5.4.0/../../../../avr/lib/avr5\libm.a(fp_nan.o)
 .bss           0x00000000        0x0 c:/program files (x86)/atmel/studio/7.0/toolchain/avr8/avr8-gnu-toolchain/bin/../lib/gcc/avr/5.4.0/../../../../avr/lib/avr5\libm.a(fp_nan.o)
 .text          0x00000000        0x0 c:/program files (x86)/atmel/studio/7.0/toolchain/avr8/avr8-gnu-toolchain/bin/../lib/gcc/avr/5.4.0/../../../../avr/lib/avr5\libm.a(fp_pscA.o)
 .data          0x00000000        0x0 c:/program files (x86)/atmel/studio/7.0/toolchain/avr8/avr8-gnu-toolchain/bin/../lib/gcc/avr/5.4.0/../../../../avr/lib/avr5\libm.a(fp_pscA.o)
 .bss           0x00000000        0x0 c:/program files (x86)/atmel/studio/7.0/toolchain/avr8/avr8-gnu-toolchain/bin/../lib/gcc/avr/5.4.0/../../../../avr/lib/avr5\libm.a(fp_pscA.o)
 .text          0x00000000        0x0 c:/program files (x86)/atmel/studio/7.0/toolchain/avr8/avr8-gnu-toolchain/bin/../lib/gcc/avr/5.4.0/../../../../avr/lib/avr5\libm.a(fp_pscB.o)
 .data          0x00000000        0x0 c:/program files (x86)/atmel/studio/7.0/toolchain/avr8/avr8-gnu-toolchain/bin/../lib/gcc/avr/5.4.0/../../../../avr/lib/avr5\libm.a(fp_pscB.o)
 .bss           0x00000000        0x0 c:/program files (x86)/atmel/studio/7.0/toolchain/avr8/avr8-gnu-toolchain/bin/../lib/gcc/avr/5.4.0/../../../../avr/lib/avr5\libm.a(fp_pscB.o)
 .text          0x00000000        0x0 c:/program files (x86)/atmel/studio/7.0/toolchain/avr8/avr8-gnu-toolchain/bin/../lib/gcc/avr/5.4.0/../../../../avr/lib/avr5\libm.a(fp_round.o)
 .data          0x00000000        0x0 c:/program files (x86)/atmel/studio/7.0/toolchain/avr8/avr8-gnu-toolchain/bin/../lib/gcc/avr/5.4.0/../../../../avr/lib/avr5\libm.a(fp_round.o)
 .bss           0x00000000        0x0 c:/program files (x86)/atmel/studio/7.0/toolchain/avr8/avr8-gnu-toolchain/bin/../lib/gcc/avr/5.4.0/../../../../avr/lib/avr5\libm.a(fp_round.o)
 .text          0x00000000        0x0 c:/program files (x86)/atmel/studio/7.0/toolchain/avr8/avr8-gnu-toolchain/bin/../lib/gcc/avr/5.4.0/../../../../avr/lib/avr5\libm.a(fp_split3.o)
 .data          0x00000000        0x0 c:/program files (x86)/atmel/studio/7.0/toolchain/avr8/avr8-gnu-toolchain/bin/../lib/gcc/avr/5.4.0/../../../../avr/lib/avr5\libm.a(fp_split3.o)
 .bss           0x00000000        0x0 c:/program files (x86)/atmel/studio/7.0/toolchain/avr8/avr8-gnu-toolchain/bin/../lib/gcc/avr/5.4.0/../../../../avr/lib/avr5\libm.a(fp_split3.o)
 .text          0x00000000        0x0 c:/program files (x86)/atmel/studio/7.0/toolchain/avr8/avr8-gnu-toolchain/bin/../lib/gcc/avr/5.4.0/../../../../avr/lib/avr5\libm.a(fp_zero.o)
 .data          0x00000000        0x0 c:/program files (x86)/atmel/studio/7.0/toolchain/avr8/avr8-gnu-toolchain/bin/../lib/gcc/avr/5.4.0/../../../../avr/lib/avr5\libm.a(fp_zero.o)
 .bss           0x00000000        0x0 c:/program files (x86)/atmel/studio/7.0/toolchain/avr8/avr8-gnu-toolchain/bin/../lib/gcc/avr/5.4.0/../../../../avr/lib/avr5\libm.a(fp_zero.o)
 .text          0x00000000        0x0 c:/program files (x86)/atmel/studio/7.0/toolchain/avr8/avr8-gnu-toolchain/bin/../lib/gcc/avr/5.4.0/../../../../avr/lib/avr5\libm.a(mulsf3.o)
 .data          0x00000000        0x0 c:/program files (x86)/atmel/studio/7.0/toolchain/avr8/avr8-gnu-toolchain/bin/../lib/gcc/avr/5.4.0/../../../../avr/lib/avr5\libm.a(mulsf3.o)
 .bss           0x00000000        0x0 c:/program files (x86)/atmel/studio/7.0/toolchain/avr8/avr8-gnu-toolchain/bin/../lib/gcc/avr/5.4.0/../../../../avr/lib/avr5\libm.a(mulsf3.o)
 .text          0x00000000        0x0 c:/program files (x86)/atmel/studio/7.0/toolchain/avr8/avr8-gnu-toolchain/bin/../lib/gcc/avr/5.4.0/../../../../avr/lib/avr5\libm.a(mulsf3x.o)
 .data          0x00000000        0x0 c:/program files (x86)/atmel/studio/7.0/toolchain/avr8/avr8-gnu-toolchain/bin/../lib/gcc/avr/5.4.0/../../../../avr/lib/avr5\libm.a(mulsf3x.o)
 .bss           0x00000000        0x0 c:/program files (x86)/atmel/studio/7.0/toolchain/avr8/avr8-gnu-toolchain/bin/../lib/gcc/avr/5.4.0/../../../../avr/lib/avr5\libm.a(mulsf3x.o)
 .text          0x00000000        0x0 c:/program files (x86)/atmel/studio/7.0/toolchain/avr8/avr8-gnu-toolchain/bin/../lib/gcc/avr/5.4.0/avr5\libgcc.a(_udivmodsi4.o)
 .data          0x00000000        0x0 c:/program files (x86)/atmel/studio/7.0/toolchain/avr8/avr8-gnu-toolchain/bin/../lib/gcc/avr/5.4.0/avr5\libgcc.a(_udivmodsi4.o)
 .bss           0x00000000        0x0 c:/program files (x86)/atmel/studio/7.0/toolchain/avr8/avr8-gnu-toolchain/bin/../lib/gcc/avr/5.4.0/avr5\libgcc.a(_udivmodsi4.o)
 .text.libgcc.mul
                0x00000000        0x0 c:/program files (x86)/atmel/studio/7.0/toolchain/avr8/avr8-gnu-toolchain/bin/../lib/gcc/avr/5.4.0/avr5\libgcc.a(_udivmodsi4.o)
 .text.libgcc   0x00000000        0x0 c:/program files (x86)/atmel/studio/7.0/toolchain/avr8/avr8-gnu-toolchain/bin/../lib/gcc/avr/5.4.0/avr5\libgcc.a(_udivmodsi4.o)
 .text.libgcc.prologue
                0x00000000        0x0 c:/program files (x86)/atmel/studio/7.0/toolchain/avr8/avr8-gnu-toolchain/bin/../lib/gcc/avr/5.4.0/avr5\libgcc.a(_udivmodsi4.o)
 .text.libgcc.builtins
                0x00000000        0x0 c:/program files (x86)/atmel/studio/7.0/toolchain/avr8/avr8-gnu-toolchain/bin/../lib/gcc/avr/5.4.0/avr5\libgcc.a(_udivmodsi4.o)
 .text.libgcc.fmul
                0x00000000        0x0 c:/program files (x86)/atmel/studio/7.0/toolchain/avr8/avr8-gnu-toolchain/bin/../lib/gcc/avr/5.4.0/avr5\libgcc.a(_udivmodsi4.o)
 .text.libgcc.fixed
                0x00000000        0x0 c:/program files (x86)/atmel/studio/7.0/toolchain/avr8/avr8-gnu-toolchain/bin/../lib/gcc/avr/5.4.0/avr5\libgcc.a(_udivmodsi4.o)
 .text          0x00000000        0x0 c:/program files (x86)/atmel/studio/7.0/toolchain/avr8/avr8-gnu-toolchain/bin/../lib/gcc/avr/5.4.0/avr5\libgcc.a(_divmodsi4.o)
 .data          0x00000000        0x0 c:/program files (x86)/atmel/studio/7.0/toolchain/avr8/avr8-gnu-toolchain/bin/../lib/gcc/avr/5.4.0/avr5\libgcc.a(_divmodsi4.o)
 .bss           0x00000000        0x0 c:/program files (x86)/atmel/studio/7.0/toolchain/avr8/avr8-gnu-toolchain/bin/../lib/gcc/avr/5.4.0/avr5\libgcc.a(_divmodsi4.o)
 .text.libgcc.mul
                0x00000000        0x0 c:/program files (x86)/atmel/studio/7.0/toolchain/avr8/avr8-gnu-toolchain/bin/../lib/gcc/avr/5.4.0/avr5\libgcc.a(_divmodsi4.o)
 .text.libgcc   0x00000000        0x0 c:/program files (x86)/atmel/studio/7.0/toolchain/avr8/avr8-gnu-toolchain/bin/../lib/gcc/avr/5.4.0/avr5\libgcc.a(_divmodsi4.o)
 .text.libgcc.prologue
                0x00000000        0x0 c:/program files (x86)/atmel/studio/7.0/toolchain/avr8/avr8-gnu-toolchain/bin/../lib/gcc/avr/5.4.0/avr5\libgcc.a(_divmodsi4.o)
 .text.libgcc.builtins
                0x00000000        0x0 c:/program files (x86)/atmel/studio/7.0/toolchain/avr8/avr8-gnu-toolchain/bin/../lib/gcc/avr/5.4.0/avr5\libgcc.a(_divmodsi4.o)
 .text.libgcc.fmul
                0x00000000        0x0 c:/program files (x86)/atmel/studio/7.0/toolchain/avr8/avr8-gnu-toolchain/bin/../lib/gcc/avr/5.4.0/avr5\libgcc.a(_divmodsi4.o)
 .text.libgcc.fixed
                0x00000000        0x0 c:/program files (x86)/atmel/studio/7.0/toolchain/avr8/avr8-gnu-toolchain/bin/../lib/gcc/avr/5.4.0/avr5\libgcc.a(_divmodsi4.o)
 .text          0x00000000        0x0 c:/program files (x86)/atmel/studio/7.0/toolchain/avr8/avr8-gnu-toolchain/bin/../lib/gcc/avr/5.4.0/avr5\libgcc.a(_negsi2.o)
 .data          0x00000000        0x0 c:/program files (x86)/atmel/studio/7.0/toolchain/avr8/avr8-gnu-toolchain/bin/../lib/gcc/avr/5.4.0/avr5\libgcc.a(_negsi2.o)
 .bss           0x00000000        0x0 c:/program files (x86)/atmel/studio/7.0/toolchain/avr8/avr8-gnu-toolchain/bin/../lib/gcc/avr/5.4.0/avr5\libgcc.a(_negsi2.o)
 .text.libgcc.mul
                0x00000000        0x0 c:/program files (x86)/atmel/studio/7.0/toolchain/avr8/avr8-gnu-toolchain/bin/../lib/gcc/avr/5.4.0/avr5\libgcc.a(_negsi2.o)
 .text.libgcc   0x00000000        0x0 c:/program files (x86)/atmel/studio/7.0/toolchain/avr8/avr8-gnu-toolchain/bin/../lib/gcc/avr/5.4.0/avr5\libgcc.a(_negsi2.o)
 .text.libgcc.prologue
                0x00000000        0x0 c:/program files (x86)/atmel/studio/7.0/toolchain/avr8/avr8-gnu-toolchain/bin/../lib/gcc/avr/5.4.0/avr5\libgcc.a(_negsi2.o)
 .text.libgcc.builtins
                0x00000000        0x0 c:/program files (x86)/atmel/studio/7.0/toolchain/avr8/avr8-gnu-toolchain/bin/../lib/gcc/avr/5.4.0/avr5\libgcc.a(_negsi2.o)
 .text.libgcc.fmul
                0x00000000        0x0 c:/program files (x86)/atmel/studio/7.0/toolchain/avr8/avr8-gnu-toolchain/bin/../lib/gcc/avr/5.4.0/avr5\libgcc.a(_negsi2.o)
 .text.libgcc.fixed
                0x00000000        0x0 c:/program files (x86)/atmel/studio/7.0/toolchain/avr8/avr8-gnu-toolchain/bin/../lib/gcc/avr/5.4.0/avr5\libgcc.a(_negsi2.o)
 .text          0x00000000        0x0 c:/program files (x86)/atmel/studio/7.0/toolchain/avr8/avr8-gnu-toolchain/bin/../lib/gcc/avr/5.4.0/avr5\libgcc.a(_exit.o)
 .data          0x00000000        0x0 c:/program files (x86)/atmel/studio/7.0/toolchain/avr8/avr8-gnu-toolchain/bin/../lib/gcc/avr/5.4.0/avr5\libgcc.a(_exit.o)
 .bss           0x00000000        0x0 c:/program files (x86)/atmel/studio/7.0/toolchain/avr8/avr8-gnu-toolchain/bin/../lib/gcc/avr/5.4.0/avr5\libgcc.a(_exit.o)
 .text.libgcc.mul
                0x00000000        0x0 c:/program files (x86)/atmel/studio/7.0/toolchain/avr8/avr8-gnu-toolchain/bin/../lib/gcc/avr/5.4.0/avr5\libgcc.a(_exit.o)
 .text.libgcc.div
                0x00000000        0x0 c:/program files (x86)/atmel/studio/7.0/toolchain/avr8/avr8-gnu-toolchain/bin/../lib/gcc/avr/5.4.0/avr5\libgcc.a(_exit.o)
 .text.libgcc   0x00000000        0x0 c:/program files (x86)/atmel/studio/7.0/toolchain/avr8/avr8-gnu-toolchain/bin/../lib/gcc/avr/5.4.0/avr5\libgcc.a(_exit.o)
 .text.libgcc.prologue
                0x00000000        0x0 c:/program files (x86)/atmel/studio/7.0/toolchain/avr8/avr8-gnu-toolchain/bin/../lib/gcc/avr/5.4.0/avr5\libgcc.a(_exit.o)
 .text.libgcc.builtins
                0x00000000        0x0 c:/program files (x86)/atmel/studio/7.0/toolchain/avr8/avr8-gnu-toolchain/bin/../lib/gcc/avr/5.4.0/avr5\libgcc.a(_exit.o)
 .text.libgcc.fmul
                0x00000000        0x0 c:/program files (x86)/atmel/studio/7.0/toolchain/avr8/avr8-gnu-toolchain/bin/../lib/gcc/avr/5.4.0/avr5\libgcc.a(_exit.o)
 .text.libgcc.fixed
                0x00000000        0x0 c:/program files (x86)/atmel/studio/7.0/toolchain/avr8/avr8-gnu-toolchain/bin/../lib/gcc/avr/5.4.0/avr5\libgcc.a(_exit.o)
 .text          0x00000000        0x0 c:/program files (x86)/atmel/studio/7.0/toolchain/avr8/avr8-gnu-toolchain/bin/../lib/gcc/avr/5.4.0/avr5\libgcc.a(_copy_data.o)
 .data          0x00000000        0x0 c:/program files (x86)/atmel/studio/7.0/toolchain/avr8/avr8-gnu-toolchain/bin/../lib/gcc/avr/5.4.0/avr5\libgcc.a(_copy_data.o)
 .bss           0x00000000        0x0 c:/program files (x86)/atmel/studio/7.0/toolchain/avr8/avr8-gnu-toolchain/bin/../lib/gcc/avr/5.4.0/avr5\libgcc.a(_copy_data.o)
 .text.libgcc.mul
                0x00000000        0x0 c:/program files (x86)/atmel/studio/7.0/toolchain/avr8/avr8-gnu-toolchain/bin/../lib/gcc/avr/5.4.0/avr5\libgcc.a(_copy_data.o)
 .text.libgcc.div
                0x00000000        0x0 c:/program files (x86)/atmel/studio/7.0/toolchain/avr8/avr8-gnu-toolchain/bin/../lib/gcc/avr/5.4.0/avr5\libgcc.a(_copy_data.o)
 .text.libgcc   0x00000000        0x0 c:/program files (x86)/atmel/studio/7.0/toolchain/avr8/avr8-gnu-toolchain/bin/../lib/gcc/avr/5.4.0/avr5\libgcc.a(_copy_data.o)
 .text.libgcc.prologue
                0x00000000        0x0 c:/program files (x86)/atmel/studio/7.0/toolchain/avr8/avr8-gnu-toolchain/bin/../lib/gcc/avr/5.4.0/avr5\libgcc.a(_copy_data.o)
 .text.libgcc.builtins
                0x00000000        0x0 c:/program files (x86)/atmel/studio/7.0/toolchain/avr8/avr8-gnu-toolchain/bin/../lib/gcc/avr/5.4.0/avr5\libgcc.a(_copy_data.o)
 .text.libgcc.fmul
                0x00000000        0x0 c:/program files (x86)/atmel/studio/7.0/toolchain/avr8/avr8-gnu-toolchain/bin/../lib/gcc/avr/5.4.0/avr5\libgcc.a(_copy_data.o)
 .text.libgcc.fixed
                0x00000000        0x0 c:/program files (x86)/atmel/studio/7.0/toolchain/avr8/avr8-gnu-toolchain/bin/../lib/gcc/avr/5.4.0/avr5\libgcc.a(_copy_data.o)
 .text          0x00000000        0x0 c:/program files (x86)/atmel/studio/7.0/toolchain/avr8/avr8-gnu-toolchain/bin/../lib/gcc/avr/5.4.0/avr5\libgcc.a(_clear_bss.o)
 .data          0x00000000        0x0 c:/program files (x86)/atmel/studio/7.0/toolchain/avr8/avr8-gnu-toolchain/bin/../lib/gcc/avr/5.4.0/avr5\libgcc.a(_clear_bss.o)
 .bss           0x00000000        0x0 c:/program files (x86)/atmel/studio/7.0/toolchain/avr8/avr8-gnu-toolchain/bin/../lib/gcc/avr/5.4.0/avr5\libgcc.a(_clear_bss.o)
 .text.libgcc.mul
                0x00000000        0x0 c:/program files (x86)/atmel/studio/7.0/toolchain/avr8/avr8-gnu-toolchain/bin/../lib/gcc/avr/5.4.0/avr5\libgcc.a(_clear_bss.o)
 .text.libgcc.div
                0x00000000        0x0 c:/program files (x86)/atmel/studio/7.0/toolchain/avr8/avr8-gnu-toolchain/bin/../lib/gcc/avr/5.4.0/avr5\libgcc.a(_clear_bss.o)
 .text.libgcc   0x00000000        0x0 c:/program files (x86)/atmel/studio/7.0/toolchain/avr8/avr8-gnu-toolchain/bin/../lib/gcc/avr/5.4.0/avr5\libgcc.a(_clear_bss.o)
 .text.libgcc.prologue
                0x00000000        0x0 c:/program files (x86)/atmel/studio/7.0/toolchain/avr8/avr8-gnu-toolchain/bin/../lib/gcc/avr/5.4.0/avr5\libgcc.a(_clear_bss.o)
 .text.libgcc.builtins
                0x00000000        0x0 c:/program files (x86)/atmel/studio/7.0/toolchain/avr8/avr8-gnu-toolchain/bin/../lib/gcc/avr/5.4.0/avr5\libgcc.a(_clear_bss.o)
 .text.libgcc.fmul
                0x00000000        0x0 c:/program files (x86)/atmel/studio/7.0/toolchain/avr8/avr8-gnu-toolchain/bin/../lib/gcc/avr/5.4.0/avr5\libgcc.a(_clear_bss.o)
 .text.libgcc.fixed
                0x00000000        0x0 c:/program files (x86)/atmel/studio/7.0/toolchain/avr8/avr8-gnu-toolchain/bin/../lib/gcc/avr/5.4.0/avr5\libgcc.a(_clear_bss.o)
 .text          0x00000000        0x0 c:/program files (x86)/atmel/studio/7.0/toolchain/avr8/avr8-gnu-toolchain/bin/../lib/gcc/avr/5.4.0/avr5\libgcc.a(_umulhisi3.o)
 .data          0x00000000        0x0 c:/program files (x86)/atmel/studio/7.0/toolchain/avr8/avr8-gnu-toolchain/bin/../lib/gcc/avr/5.4.0/avr5\libgcc.a(_umulhisi3.o)
 .bss           0x00000000        0x0 c:/program files (x86)/atmel/studio/7.0/toolchain/avr8/avr8-gnu-toolchain/bin/../lib/gcc/avr/5.4.0/avr5\libgcc.a(_umulhisi3.o)
 .text.libgcc.div
                0x00000000        0x0 c:/program files (x86)/atmel/studio/7.0/toolchain/avr8/avr8-gnu-toolchain/bin/../lib/gcc/avr/5.4.0/avr5\libgcc.a(_umulhisi3.o)
 .text.libgcc   0x00000000        0x0 c:/program files (x86)/atmel/studio/7.0/toolchain/avr8/avr8-gnu-toolchain/bin/../lib/gcc/avr/5.4.0/avr5\libgcc.a(_umulhisi3.o)
 .text.libgcc.prologue
                0x00000000        0x0 c:/program files (x86)/atmel/studio/7.0/toolchain/avr8/avr8-gnu-toolchain/bin/../lib/gcc/avr/5.4.0/avr5\libgcc.a(_umulhisi3.o)
 .text.libgcc.builtins
                0x00000000        0x0 c:/program files (x86)/atmel/studio/7.0/toolchain/avr8/avr8-gnu-toolchain/bin/../lib/gcc/avr/5.4.0/avr5\libgcc.a(_umulhisi3.o)
 .text.libgcc.fmul
                0x00000000        0x0 c:/program files (x86)/atmel/studio/7.0/toolchain/avr8/avr8-gnu-toolchain/bin/../lib/gcc/avr/5.4.0/avr5\libgcc.a(_umulhisi3.o)
 .text.libgcc.fixed
                0x00000000        0x0 c:/program files (x86)/atmel/studio/7.0/toolchain/avr8/avr8-gnu-toolchain/bin/../lib/gcc/avr/5.4.0/avr5\libgcc.a(_umulhisi3.o)
 .text          0x00000000        0x0 c:/program files (x86)/atmel/studio/7.0/toolchain/avr8/avr8-gnu-toolchain/bin/../lib/gcc/avr/5.4.0/avr5\libgcc.a(_muluhisi3.o)
 .data          0x00000000        0x0 c:/program files (x86)/atmel/studio/7.0/toolchain/avr8/avr8-gnu-toolchain/bin/../lib/gcc/avr/5.4.0/avr5\libgcc.a(_muluhisi3.o)
 .bss           0x00000000        0x0 c:/program files (x86)/atmel/studio/7.0/toolchain/avr8/avr8-gnu-toolchain/bin/../lib/gcc/avr/5.4.0/avr5\libgcc.a(_muluhisi3.o)
 .text.libgcc.div
                0x00000000        0x0 c:/program files (x86)/atmel/studio/7.0/toolchain/avr8/avr8-gnu-toolchain/bin/../lib/gcc/avr/5.4.0/avr5\libgcc.a(_muluhisi3.o)
 .text.libgcc   0x00000000        0x0 c:/program files (x86)/atmel/studio/7.0/toolchain/avr8/avr8-gnu-toolchain/bin/../lib/gcc/avr/5.4.0/avr5\libgcc.a(_muluhisi3.o)
 .text.libgcc.prologue
                0x00000000        0x0 c:/program files (x86)/atmel/studio/7.0/toolchain/avr8/avr8-gnu-toolchain/bin/../lib/gcc/avr/5.4.0/avr5\libgcc.a(_muluhisi3.o)
 .text.libgcc.builtins
                0x00000000        0x0 c:/program files (x86)/atmel/studio/7.0/toolchain/avr8/avr8-gnu-toolchain/bin/../lib/gcc/avr/5.4.0/avr5\libgcc.a(_muluhisi3.o)
 .text.libgcc.fmul
                0x00000000        0x0 c:/program files (x86)/atmel/studio/7.0/toolchain/avr8/avr8-gnu-toolchain/bin/../lib/gcc/avr/5.4.0/avr5\libgcc.a(_muluhisi3.o)
 .text.libgcc.fixed
                0x00000000        0x0 c:/program files (x86)/atmel/studio/7.0/toolchain/avr8/avr8-gnu-toolchain/bin/../lib/gcc/avr/5.4.0/avr5\libgcc.a(_muluhisi3.o)

Memory Configuration

Name             Origin             Length             Attributes
text             0x00000000         0x00008000         xr
data             0x00800060         0x00000800         rw !x
eeprom           0x00810000         0x00000400         rw !x
fuse             0x00820000         0x00000002         rw !x
lock             0x00830000         0x00000400         rw !x
signature        0x00840000         0x00000400         rw !x
user_signatures  0x00850000         0x00000400         rw !x
*default*        0x00000000         0xffffffff

Linker script and memory map

LOAD C:/Program Files (x86)/Atmel/Studio/7.0/Packs/atmel/ATmega_DFP/1.7.374/gcc/dev/atmega32/avr5/crtatmega32.o
LOAD App/Calculator/Calculator.o
LOAD App/Calculator/Calculator_main.o
LOAD App/CFGH/HAL_CFG/KeyPad_CFG/KeyPad_CFG.o
LOAD App/CFGH/HAL_CFG/SevSeg_CFG/Seg_CFG.o
LOAD App/CFGH/MCAL_CFG/PORT_CFG/PORT_LCFG.o
LOAD App/Main/main.o
LOAD App/Smart Door/Remote_Smart_Door.o
LOAD App/Smart Door/Smart_Door.o
LOAD App/Smart Door/Smart_door_main.o
LOAD HAL/BTN/BTN.o
LOAD HAL/Buzzer/BUZZER.o
LOAD HAL/BVM/BVM_Core.o
LOAD HAL/DC_Motor/DC_Motor_Core.o
LOAD HAL/EEPROM/EEPROM_Core.o
LOAD HAL/KeyPad/KeyPad_Core.o
LOAD HAL/LCD/LCD_Core.o
LOAD HAL/LED/LED.o
LOAD HAL/Pulse_meter/Pulse_Meter_Core.o
LOAD HAL/Servo_Motor/Servo_Core.o
LOAD HAL/SevSeg/SevSeg_Core.o
LOAD HAL/Stepper_Motor/Stepper_Core.o
LOAD HAL/TempSensor/TempSensor_core.o
LOAD HAL/Ultrasonic/Ultrasonic_Core.o
LOAD MCAL/ADC/ADC_Core.o
LOAD MCAL/DIO/DIO_Core.o
LOAD MCAL/I2C/I2C_Core.o
LOAD MCAL/ICU/ICU_Core.o
LOAD MCAL/IRQH/IRQH_Core.o
LOAD MCAL/PORT/PORT_Core.o
LOAD MCAL/PWM/PWM_Core.o
LOAD MCAL/SPI/SPI_Core.o
LOAD MCAL/Timer/Time_Core.o
LOAD MCAL/UART/UART_Core.o
LOAD MCAL/WDT/WDT_Core.o
START GROUP
LOAD c:/program files (x86)/atmel/studio/7.0/toolchain/avr8/avr8-gnu-toolchain/bin/../lib/gcc/avr/5.4.0/../../../../avr/lib/avr5\libm.a
END GROUP
START GROUP
LOAD c:/program files (x86)/atmel/studio/7.0/toolchain/avr8/avr8-gnu-toolchain/bin/../lib/gcc/avr/5.4.0/avr5\libgcc.a
LOAD c:/program files (x86)/atmel/studio/7.0/toolchain/avr8/avr8-gnu-toolchain/bin/../lib/gcc/avr/5.4.0/../../../../avr/lib/avr5\libm.a
LOAD c:/program files (x86)/atmel/studio/7.0/toolchain/avr8/avr8-gnu-toolchain/bin/../lib/gcc/avr/5.4.0/../../../../avr/lib/avr5\libc.a
LOAD C:/Program Files (x86)/Atmel/Studio/7.0/Packs/atmel/ATmega_DFP/1.7.374/gcc/dev/atmega32/avr5\libatmega32.a
END GROUP
                0x00000000                __TEXT_REGION_ORIGIN__ = DEFINED (__TEXT_REGION_ORIGIN__)?__TEXT_REGION_ORIGIN__:0x0
                [0x00800060]                __DATA_REGION_ORIGIN__ = DEFINED (__DATA_REGION_ORIGIN__)?__DATA_REGION_ORIGIN__:0x800060
                [0x00008000]                __TEXT_REGION_LENGTH__ = DEFINED (__TEXT_REGION_LENGTH__)?__TEXT_REGION_LENGTH__:0x20000
                [0x00000800]                __DATA_REGION_LENGTH__ = DEFINED (__DATA_REGION_LENGTH__)?__DATA_REGION_LENGTH__:0xffa0
                [0x00000400]                __EEPROM_REGION_LENGTH__ = DEFINED (__EEPROM_REGION_LENGTH__)?__EEPROM_REGION_LENGTH__:0x10000
                [0x00000002]                __FUSE_REGION_LENGTH__ = DEFINED (__FUSE_REGION_LENGTH__)?__FUSE_REGION_LENGTH__:0x400
                0x00000400                __LOCK_REGION_LENGTH__ = DEFINED (__LOCK_REGION_LENGTH__)?__LOCK_REGION_LENGTH__:0x400
                0x00000400                __SIGNATURE_REGION_LENGTH__ = DEFINED (__SIGNATURE_REGION_LENGTH__)?__SIGNATURE_REGION_LENGTH__:0x400
                0x00000400                __USER_SIGNATURE_REGION_LENGTH__ = DEFINED (__USER_SIGNATURE_REGION_LENGTH__)?__USER_SIGNATURE_REGION_LENGTH__:0x400

.hash
 *(.hash)

.dynsym
 *(.dynsym)

.dynstr
 *(.dynstr)

.gnu.version
 *(.gnu.version)

.gnu.version_d
 *(.gnu.version_d)

.gnu.version_r
 *(.gnu.version_r)

.rel.init
 *(.rel.init)

.rela.init
 *(.rela.init)

.rel.text
 *(.rel.text)
 *(.rel.text.*)
 *(.rel.gnu.linkonce.t*)

.rela.text
 *(.rela.text)
 *(.rela.text.*)
 *(.rela.gnu.linkonce.t*)

.rel.fini
 *(.rel.fini)

.rela.fini
 *(.rela.fini)

.rel.rodata
 *(.rel.rodata)
 *(.rel.rodata.*)
 *(.rel.gnu.linkonce.r*)

.rela.rodata
 *(.rela.rodata)
 *(.rela.rodata.*)
 *(.rela.gnu.linkonce.r*)

.rel.data
 *(.rel.data)
 *(.rel.data.*)
 *(.rel.gnu.linkonce.d*)

.rela.data
 *(.rela.data)
 *(.rela.data.*)
 *(.rela.gnu.linkonce.d*)

.rel.ctors
 *(.rel.ctors)

.rela.ctors
 *(.rela.ctors)

.rel.dtors
 *(.rel.dtors)

.rela.dtors
 *(.rela.dtors)

.rel.got
 *(.rel.got)

.rela.got
 *(.rela.got)

.rel.bss
 *(.rel.bss)

.rela.bss
 *(.rela.bss)

.rel.plt
 *(.rel.plt)

.rela.plt
 *(.rela.plt)

.text           0x00000000      0xcf4
 *(.vectors)
 .vectors       0x00000000       0x54 C:/Program Files (x86)/Atmel/Studio/7.0/Packs/atmel/ATmega_DFP/1.7.374/gcc/dev/atmega32/avr5/crtatmega32.o
                0x00000000                __vector_default
                0x00000000                __vectors
 *(.vectors)
 *(.progmem.gcc*)
                0x00000054                . = ALIGN (0x2)
                0x00000054                __trampolines_start = .
 *(.trampolines)
 .trampolines   0x00000054        0x0 linker stubs
 *(.trampolines*)
                0x00000054                __trampolines_end = .
 *libprintf_flt.a:*(.progmem.data)
 *libc.a:*(.progmem.data)
 *(.progmem*)
                0x00000054                . = ALIGN (0x2)
 *(.jumptables)
 *(.jumptables*)
 *(.lowtext)
 *(.lowtext*)
                0x00000054                __ctors_start = .
 *(.ctors)
                0x00000054                __ctors_end = .
                0x00000054                __dtors_start = .
 *(.dtors)
                0x00000054                __dtors_end = .
 SORT(*)(.ctors)
 SORT(*)(.dtors)
 *(.init0)
 .init0         0x00000054        0x0 C:/Program Files (x86)/Atmel/Studio/7.0/Packs/atmel/ATmega_DFP/1.7.374/gcc/dev/atmega32/avr5/crtatmega32.o
                0x00000054                __init
 *(.init0)
 *(.init1)
 *(.init1)
 *(.init2)
 .init2         0x00000054        0xc C:/Program Files (x86)/Atmel/Studio/7.0/Packs/atmel/ATmega_DFP/1.7.374/gcc/dev/atmega32/avr5/crtatmega32.o
 *(.init2)
 *(.init3)
 *(.init3)
 *(.init4)
 .init4         0x00000060       0x16 c:/program files (x86)/atmel/studio/7.0/toolchain/avr8/avr8-gnu-toolchain/bin/../lib/gcc/avr/5.4.0/avr5\libgcc.a(_copy_data.o)
                0x00000060                __do_copy_data
 .init4         0x00000076       0x10 c:/program files (x86)/atmel/studio/7.0/toolchain/avr8/avr8-gnu-toolchain/bin/../lib/gcc/avr/5.4.0/avr5\libgcc.a(_clear_bss.o)
                0x00000076                __do_clear_bss
 *(.init4)
 *(.init5)
 *(.init5)
 *(.init6)
 *(.init6)
 *(.init7)
 *(.init7)
 *(.init8)
 *(.init8)
 *(.init9)
 .init9         0x00000086        0x8 C:/Program Files (x86)/Atmel/Studio/7.0/Packs/atmel/ATmega_DFP/1.7.374/gcc/dev/atmega32/avr5/crtatmega32.o
 *(.init9)
 *(.text)
 .text          0x0000008e        0x4 C:/Program Files (x86)/Atmel/Studio/7.0/Packs/atmel/ATmega_DFP/1.7.374/gcc/dev/atmega32/avr5/crtatmega32.o
                0x0000008e                __vector_12
                0x0000008e                __bad_interrupt
                0x0000008e                __vector_3
                0x0000008e                __vector_17
                0x0000008e                __vector_19
                0x0000008e                __vector_5
                0x0000008e                __vector_4
                0x0000008e                __vector_2
                0x0000008e                __vector_8
                0x0000008e                __vector_14
                0x0000008e                __vector_10
                0x0000008e                __vector_18
                0x0000008e                __vector_20
                0x00000092                . = ALIGN (0x2)
 *(.text.*)
 .text.main     0x00000092       0x5a App/Main/main.o
                0x00000092                main
 .text.LCD_WriteCommand
                0x000000ec       0xbc HAL/LCD/LCD_Core.o
                0x000000ec                LCD_WriteCommand
 .text.LCD_Init
                0x000001a8       0x2c HAL/LCD/LCD_Core.o
                0x000001a8                LCD_Init
 .text.LCD_WriteChar
                0x000001d4       0xbc HAL/LCD/LCD_Core.o
                0x000001d4                LCD_WriteChar
 .text.LCD_WriteString
                0x00000290       0x26 HAL/LCD/LCD_Core.o
                0x00000290                LCD_WriteString
 .text.LCD_WriteInteger
                0x000002b6       0xda HAL/LCD/LCD_Core.o
                0x000002b6                LCD_WriteInteger
 .text.LCD_WriteClear
                0x00000390        0x8 HAL/LCD/LCD_Core.o
                0x00000390                LCD_WriteClear
 .text.Ultrasonic_Init
                0x00000398        0x6 HAL/Ultrasonic/Ultrasonic_Core.o
                0x00000398                Ultrasonic_Init
 .text.Ultrasonic_Trigger
                0x0000039e       0x1a HAL/Ultrasonic/Ultrasonic_Core.o
                0x0000039e                Ultrasonic_Trigger
 .text.Ultrasonic_Get_Distance
                0x000003b8       0x28 HAL/Ultrasonic/Ultrasonic_Core.o
                0x000003b8                Ultrasonic_Get_Distance
 .text.DIO_WriteChannel
                0x000003e0      0x10e MCAL/DIO/DIO_Core.o
                0x000003e0                DIO_WriteChannel
 .text.ICU_Init
                0x000004ee        0xe MCAL/ICU/ICU_Core.o
                0x000004ee                ICU_Init
 .text.ICU_Capture_Time
                0x000004fc       0xaa MCAL/ICU/ICU_Core.o
                0x000004fc                ICU_Capture_Time
 .text.IRQH_SetGlobalINT
                0x000005a6       0x18 MCAL/IRQH/IRQH_Core.o
                0x000005a6                IRQH_SetGlobalINT
 .text.__vector_1
                0x000005be       0x52 MCAL/IRQH/IRQH_Core.o
                0x000005be                __vector_1
 .text.__vector_16
                0x00000610       0x6c MCAL/IRQH/IRQH_Core.o
                0x00000610                __vector_16
 .text.__vector_11
                0x0000067c       0x14 MCAL/IRQH/IRQH_Core.o
                0x0000067c                __vector_11
 .text.__vector_7
                0x00000690       0x60 MCAL/IRQH/IRQH_Core.o
                0x00000690                __vector_7
 .text.__vector_9
                0x000006f0       0x4a MCAL/IRQH/IRQH_Core.o
                0x000006f0                __vector_9
 .text.__vector_6
                0x0000073a       0xf0 MCAL/IRQH/IRQH_Core.o
                0x0000073a                __vector_6
 .text.__vector_13
                0x0000082a       0x52 MCAL/IRQH/IRQH_Core.o
                0x0000082a                __vector_13
 .text.__vector_15
                0x0000087c       0x28 MCAL/IRQH/IRQH_Core.o
                0x0000087c                __vector_15
 .text.PORT_Init
                0x000008a4      0x108 MCAL/PORT/PORT_Core.o
                0x000008a4                PORT_Init
 .text.SPI_Init
                0x000009ac       0x20 MCAL/SPI/SPI_Core.o
                0x000009ac                SPI_Init
 .text.SPI_TranSiever
                0x000009cc        0xa MCAL/SPI/SPI_Core.o
                0x000009cc                SPI_TranSiever
 .text.GPT_Init
                0x000009d6       0x10 MCAL/Timer/Time_Core.o
                0x000009d6                GPT_Init
 .text.avr-libc.fplib
                0x000009e6       0x5e c:/program files (x86)/atmel/studio/7.0/toolchain/avr8/avr8-gnu-toolchain/bin/../lib/gcc/avr/5.4.0/../../../../avr/lib/avr5\libm.a(fixunssfsi.o)
                0x000009e6                __fixunssfsi
 .text.avr-libc.fplib
                0x00000a44       0x7a c:/program files (x86)/atmel/studio/7.0/toolchain/avr8/avr8-gnu-toolchain/bin/../lib/gcc/avr/5.4.0/../../../../avr/lib/avr5\libm.a(floatsisf.o)
                0x00000a44                __floatunsisf
                0x00000a48                __floatsisf
 .text.avr-libc.fplib
                0x00000abe        0xc c:/program files (x86)/atmel/studio/7.0/toolchain/avr8/avr8-gnu-toolchain/bin/../lib/gcc/avr/5.4.0/../../../../avr/lib/avr5\libm.a(fp_inf.o)
                0x00000abe                __fp_inf
 .text.avr-libc.fplib
                0x00000aca        0x6 c:/program files (x86)/atmel/studio/7.0/toolchain/avr8/avr8-gnu-toolchain/bin/../lib/gcc/avr/5.4.0/../../../../avr/lib/avr5\libm.a(fp_nan.o)
                0x00000aca                __fp_nan
 .text.avr-libc.fplib
                0x00000ad0        0xe c:/program files (x86)/atmel/studio/7.0/toolchain/avr8/avr8-gnu-toolchain/bin/../lib/gcc/avr/5.4.0/../../../../avr/lib/avr5\libm.a(fp_pscA.o)
                0x00000ad0                __fp_pscA
 .text.avr-libc.fplib
                0x00000ade        0xe c:/program files (x86)/atmel/studio/7.0/toolchain/avr8/avr8-gnu-toolchain/bin/../lib/gcc/avr/5.4.0/../../../../avr/lib/avr5\libm.a(fp_pscB.o)
                0x00000ade                __fp_pscB
 .text.avr-libc.fplib
                0x00000aec       0x22 c:/program files (x86)/atmel/studio/7.0/toolchain/avr8/avr8-gnu-toolchain/bin/../lib/gcc/avr/5.4.0/../../../../avr/lib/avr5\libm.a(fp_round.o)
                0x00000aec                __fp_round
 .text.avr-libc.fplib
                0x00000b0e       0x44 c:/program files (x86)/atmel/studio/7.0/toolchain/avr8/avr8-gnu-toolchain/bin/../lib/gcc/avr/5.4.0/../../../../avr/lib/avr5\libm.a(fp_split3.o)
                0x00000b0e                __fp_split3
                0x00000b1e                __fp_splitA
 .text.avr-libc.fplib
                0x00000b52        0xe c:/program files (x86)/atmel/studio/7.0/toolchain/avr8/avr8-gnu-toolchain/bin/../lib/gcc/avr/5.4.0/../../../../avr/lib/avr5\libm.a(fp_zero.o)
                0x00000b52                __fp_zero
                0x00000b54                __fp_szero
 .text.avr-libc.fplib
                0x00000b60        0x8 c:/program files (x86)/atmel/studio/7.0/toolchain/avr8/avr8-gnu-toolchain/bin/../lib/gcc/avr/5.4.0/../../../../avr/lib/avr5\libm.a(mulsf3.o)
                0x00000b60                __mulsf3
 .text.avr-libc.fplib
                0x00000b68       0xd2 c:/program files (x86)/atmel/studio/7.0/toolchain/avr8/avr8-gnu-toolchain/bin/../lib/gcc/avr/5.4.0/../../../../avr/lib/avr5\libm.a(mulsf3x.o)
                0x00000b86                __mulsf3x
                0x00000b8c                __mulsf3_pse
 .text.libgcc.div
                0x00000c3a       0x44 c:/program files (x86)/atmel/studio/7.0/toolchain/avr8/avr8-gnu-toolchain/bin/../lib/gcc/avr/5.4.0/avr5\libgcc.a(_udivmodsi4.o)
                0x00000c3a                __udivmodsi4
 .text.libgcc.div
                0x00000c7e       0x2e c:/program files (x86)/atmel/studio/7.0/toolchain/avr8/avr8-gnu-toolchain/bin/../lib/gcc/avr/5.4.0/avr5\libgcc.a(_divmodsi4.o)
                0x00000c7e                __divmodsi4
 .text.libgcc.div
                0x00000cac       0x10 c:/program files (x86)/atmel/studio/7.0/toolchain/avr8/avr8-gnu-toolchain/bin/../lib/gcc/avr/5.4.0/avr5\libgcc.a(_negsi2.o)
                0x00000cac                __negsi2
 .text.libgcc.mul
                0x00000cbc       0x1e c:/program files (x86)/atmel/studio/7.0/toolchain/avr8/avr8-gnu-toolchain/bin/../lib/gcc/avr/5.4.0/avr5\libgcc.a(_umulhisi3.o)
                0x00000cbc                __umulhisi3
 .text.libgcc.mul
                0x00000cda       0x16 c:/program files (x86)/atmel/studio/7.0/toolchain/avr8/avr8-gnu-toolchain/bin/../lib/gcc/avr/5.4.0/avr5\libgcc.a(_muluhisi3.o)
                0x00000cda                __muluhisi3
                0x00000cf0                . = ALIGN (0x2)
 *(.fini9)
 .fini9         0x00000cf0        0x0 c:/program files (x86)/atmel/studio/7.0/toolchain/avr8/avr8-gnu-toolchain/bin/../lib/gcc/avr/5.4.0/avr5\libgcc.a(_exit.o)
                0x00000cf0                _exit
                0x00000cf0                exit
 *(.fini9)
 *(.fini8)
 *(.fini8)
 *(.fini7)
 *(.fini7)
 *(.fini6)
 *(.fini6)
 *(.fini5)
 *(.fini5)
 *(.fini4)
 *(.fini4)
 *(.fini3)
 *(.fini3)
 *(.fini2)
 *(.fini2)
 *(.fini1)
 *(.fini1)
 *(.fini0)
 .fini0         0x00000cf0        0x4 c:/program files (x86)/atmel/studio/7.0/toolchain/avr8/avr8-gnu-toolchain/bin/../lib/gcc/avr/5.4.0/avr5\libgcc.a(_exit.o)
 *(.fini0)
                0x00000cf4                _etext = .

.data           0x00800060       0x24 load address 0x00000cf4
                0x00800060                PROVIDE (__data_start, .)
 *(.data)
 *(.data*)
 *(.gnu.linkonce.d*)
 *(.rodata)
 *(.rodata*)
 .rodata.PORT_Initialization
                0x00800060       0x20 App/CFGH/MCAL_CFG/PORT_CFG/PORT_LCFG.o
                0x00800060                PORT_Initialization
 .rodata.str1.1
                0x00800080        0x4 App/Main/main.o
 *(.gnu.linkonce.r*)
                0x00800084                . = ALIGN (0x2)
                0x00800084                _edata = .
                0x00800084                PROVIDE (__data_end, .)

.bss            0x00800084       0x43
                0x00800084                PROVIDE (__bss_start, .)
 *(.bss)
 *(.bss*)
 .bss.ADC_Vin_Value
                0x00800084        0x4 MCAL/ADC/ADC_Core.o
                0x00800084                ADC_Vin_Value
 .bss.ICU_time.1648
                0x00800088        0x4 MCAL/ICU/ICU_Core.o
 .bss.ICU_Cnt   0x0080008c        0x4 MCAL/ICU/ICU_Core.o
                0x0080008c                ICU_Cnt
 .bss.CAP2      0x00800090        0x4 MCAL/ICU/ICU_Core.o
                0x00800090                CAP2
 .bss.CAP1      0x00800094        0x4 MCAL/ICU/ICU_Core.o
                0x00800094                CAP1
 .bss.Counter.1718
                0x00800098        0x1 MCAL/IRQH/IRQH_Core.o
 .bss.CallBack_PtrFunc
                0x00800099       0x28 MCAL/IRQH/IRQH_Core.o
                0x00800099                CallBack_PtrFunc
 .bss.Time1_OVF_g
                0x008000c1        0x4 MCAL/Timer/Time_Core.o
                0x008000c1                Time1_OVF_g
 .bss.TX_CNT    0x008000c5        0x1 MCAL/UART/UART_Core.o
                0x008000c5                TX_CNT
 .bss.TX_STATUS_FLAG
                0x008000c6        0x1 MCAL/UART/UART_Core.o
                0x008000c6                TX_STATUS_FLAG
 *(COMMON)
                0x008000c7                PROVIDE (__bss_end, .)
                0x00000cf4                __data_load_start = LOADADDR (.data)
                0x00000d18                __data_load_end = (__data_load_start + SIZEOF (.data))

.noinit         0x008000c7        0x0
                [!provide]                PROVIDE (__noinit_start, .)
 *(.noinit*)
                [!provide]                PROVIDE (__noinit_end, .)
                0x008000c7                _end = .
                [!provide]                PROVIDE (__heap_start, .)

.eeprom         0x00810000        0x0
 *(.eeprom*)
                0x00810000                __eeprom_end = .

.fuse
 *(.fuse)
 *(.lfuse)
 *(.hfuse)
 *(.efuse)

.lock
 *(.lock*)

.signature
 *(.signature*)

.user_signatures
 *(.user_signatures*)

.stab
 *(.stab)

.stabstr
 *(.stabstr)

.stab.excl
 *(.stab.excl)

.stab.exclstr
 *(.stab.exclstr)

.stab.index
 *(.stab.index)

.stab.indexstr
 *(.stab.indexstr)

.comment        0x00000000       0x30
 *(.comment)
 .comment       0x00000000       0x30 App/CFGH/MCAL_CFG/PORT_CFG/PORT_LCFG.o
                                 0x31 (size before relaxing)
 .comment       0x00000030       0x31 App/Main/main.o
 .comment       0x00000030       0x31 HAL/LCD/LCD_Core.o
 .comment       0x00000030       0x31 HAL/Ultrasonic/Ultrasonic_Core.o
 .comment       0x00000030       0x31 MCAL/ADC/ADC_Core.o
 .comment       0x00000030       0x31 MCAL/DIO/DIO_Core.o
 .comment       0x00000030       0x31 MCAL/ICU/ICU_Core.o
 .comment       0x00000030       0x31 MCAL/IRQH/IRQH_Core.o
 .comment       0x00000030       0x31 MCAL/PORT/PORT_Core.o
 .comment       0x00000030       0x31 MCAL/SPI/SPI_Core.o
 .comment       0x00000030       0x31 MCAL/Timer/Time_Core.o
 .comment       0x00000030       0x31 MCAL/UART/UART_Core.o

.note.gnu.avr.deviceinfo
                0x00000000       0x3c
 .note.gnu.avr.deviceinfo
                0x00000000       0x3c C:/Program Files (x86)/Atmel/Studio/7.0/Packs/atmel/ATmega_DFP/1.7.374/gcc/dev/atmega32/avr5/crtatmega32.o

.note.gnu.build-id
 *(.note.gnu.build-id)

.debug
 *(.debug)

.line
 *(.line)

.debug_srcinfo
 *(.debug_srcinfo)

.debug_sfnames
 *(.debug_sfnames)

.debug_aranges  0x00000000      0x278
 *(.debug_aranges)
 .debug_aranges
                0x00000000       0x18 App/CFGH/MCAL_CFG/PORT_CFG/PORT_LCFG.o
 .debug_aranges
                0x00000018       0x20 App/Main/main.o
 .debug_aranges
                0x00000038       0x58 HAL/LCD/LCD_Core.o
 .debug_aranges
                0x00000090       0x30 HAL/Ultrasonic/Ultrasonic_Core.o
 .debug_aranges
                0x000000c0       0x28 MCAL/ADC/ADC_Core.o
 .debug_aranges
                0x000000e8       0x48 MCAL/DIO/DIO_Core.o
 .debug_aranges
                0x00000130       0x28 MCAL/ICU/ICU_Core.o
 .debug_aranges
                0x00000158       0x70 MCAL/IRQH/IRQH_Core.o
 .debug_aranges
                0x000001c8       0x20 MCAL/PORT/PORT_Core.o
 .debug_aranges
                0x000001e8       0x28 MCAL/SPI/SPI_Core.o
 .debug_aranges
                0x00000210       0x28 MCAL/Timer/Time_Core.o
 .debug_aranges
                0x00000238       0x40 MCAL/UART/UART_Core.o

.debug_pubnames
 *(.debug_pubnames)

.debug_info     0x00000000     0x1fba
 *(.debug_info .gnu.linkonce.wi.*)
 .debug_info    0x00000000      0x4e6 C:/Program Files (x86)/Atmel/Studio/7.0/Packs/atmel/ATmega_DFP/1.7.374/gcc/dev/atmega32/avr5/crtatmega32.o
 .debug_info    0x000004e6       0xef App/CFGH/MCAL_CFG/PORT_CFG/PORT_LCFG.o
 .debug_info    0x000005d5      0x2b3 App/Main/main.o
 .debug_info    0x00000888      0x7f8 HAL/LCD/LCD_Core.o
 .debug_info    0x00001080      0x246 HAL/Ultrasonic/Ultrasonic_Core.o
 .debug_info    0x000012c6      0x132 MCAL/ADC/ADC_Core.o
 .debug_info    0x000013f8      0x27d MCAL/DIO/DIO_Core.o
 .debug_info    0x00001675      0x160 MCAL/ICU/ICU_Core.o
 .debug_info    0x000017d5      0x2e2 MCAL/IRQH/IRQH_Core.o
 .debug_info    0x00001ab7      0x14d MCAL/PORT/PORT_Core.o
 .debug_info    0x00001c04      0x101 MCAL/SPI/SPI_Core.o
 .debug_info    0x00001d05       0xfe MCAL/Timer/Time_Core.o
 .debug_info    0x00001e03      0x1b7 MCAL/UART/UART_Core.o

.debug_abbrev   0x00000000      0xfcd
 *(.debug_abbrev)
 .debug_abbrev  0x00000000      0x4a3 C:/Program Files (x86)/Atmel/Studio/7.0/Packs/atmel/ATmega_DFP/1.7.374/gcc/dev/atmega32/avr5/crtatmega32.o
 .debug_abbrev  0x000004a3       0x86 App/CFGH/MCAL_CFG/PORT_CFG/PORT_LCFG.o
 .debug_abbrev  0x00000529      0x137 App/Main/main.o
 .debug_abbrev  0x00000660      0x1ce HAL/LCD/LCD_Core.o
 .debug_abbrev  0x0000082e      0x162 HAL/Ultrasonic/Ultrasonic_Core.o
 .debug_abbrev  0x00000990       0x9d MCAL/ADC/ADC_Core.o
 .debug_abbrev  0x00000a2d      0x104 MCAL/DIO/DIO_Core.o
 .debug_abbrev  0x00000b31       0x94 MCAL/ICU/ICU_Core.o
 .debug_abbrev  0x00000bc5      0x16d MCAL/IRQH/IRQH_Core.o
 .debug_abbrev  0x00000d32       0xc4 MCAL/PORT/PORT_Core.o
 .debug_abbrev  0x00000df6       0x9a MCAL/SPI/SPI_Core.o
 .debug_abbrev  0x00000e90       0x80 MCAL/Timer/Time_Core.o
 .debug_abbrev  0x00000f10       0xbd MCAL/UART/UART_Core.o

.debug_line     0x00000000     0x1336
 *(.debug_line .debug_line.* .debug_line_end)
 .debug_line    0x00000000      0x116 C:/Program Files (x86)/Atmel/Studio/7.0/Packs/atmel/ATmega_DFP/1.7.374/gcc/dev/atmega32/avr5/crtatmega32.o
 .debug_line    0x00000116       0x69 App/CFGH/MCAL_CFG/PORT_CFG/PORT_LCFG.o
 .debug_line    0x0000017f      0x22b App/Main/main.o
 .debug_line    0x000003aa      0x3a4 HAL/LCD/LCD_Core.o
 .debug_line    0x0000074e      0x1cb HAL/Ultrasonic/Ultrasonic_Core.o
 .debug_line    0x00000919      0x135 MCAL/ADC/ADC_Core.o
 .debug_line    0x00000a4e      0x24c MCAL/DIO/DIO_Core.o
 .debug_line    0x00000c9a       0xb1 MCAL/ICU/ICU_Core.o
 .debug_line    0x00000d4b      0x25f MCAL/IRQH/IRQH_Core.o
 .debug_line    0x00000faa      0x127 MCAL/PORT/PORT_Core.o
 .debug_line    0x000010d1       0xab MCAL/SPI/SPI_Core.o
 .debug_line    0x0000117c       0x7d MCAL/Timer/Time_Core.o
 .debug_line    0x000011f9      0x13d MCAL/UART/UART_Core.o

.debug_frame    0x00000000      0x59c
 *(.debug_frame)
 .debug_frame   0x00000000       0x24 App/Main/main.o
 .debug_frame   0x00000024      0x100 HAL/LCD/LCD_Core.o
 .debug_frame   0x00000124       0x44 HAL/Ultrasonic/Ultrasonic_Core.o
 .debug_frame   0x00000168       0x34 MCAL/ADC/ADC_Core.o
 .debug_frame   0x0000019c       0x74 MCAL/DIO/DIO_Core.o
 .debug_frame   0x00000210       0x34 MCAL/ICU/ICU_Core.o
 .debug_frame   0x00000244      0x268 MCAL/IRQH/IRQH_Core.o
 .debug_frame   0x000004ac       0x24 MCAL/PORT/PORT_Core.o
 .debug_frame   0x000004d0       0x34 MCAL/SPI/SPI_Core.o
 .debug_frame   0x00000504       0x34 MCAL/Timer/Time_Core.o
 .debug_frame   0x00000538       0x64 MCAL/UART/UART_Core.o

.debug_str      0x00000000      0x9d9
 *(.debug_str)
 .debug_str     0x00000000      0x196 C:/Program Files (x86)/Atmel/Studio/7.0/Packs/atmel/ATmega_DFP/1.7.374/gcc/dev/atmega32/avr5/crtatmega32.o
 .debug_str     0x00000196      0x1b7 App/CFGH/MCAL_CFG/PORT_CFG/PORT_LCFG.o
                                0x1e3 (size before relaxing)
 .debug_str     0x0000034d      0x152 App/Main/main.o
                                0x2c2 (size before relaxing)
 .debug_str     0x0000049f       0xe1 HAL/LCD/LCD_Core.o
                                0x2be (size before relaxing)
 .debug_str     0x00000580       0x4d HAL/Ultrasonic/Ultrasonic_Core.o
                                0x2a0 (size before relaxing)
 .debug_str     0x000005cd       0x51 MCAL/ADC/ADC_Core.o
                                0x204 (size before relaxing)
 .debug_str     0x0000061e       0x8e MCAL/DIO/DIO_Core.o
                                0x214 (size before relaxing)
 .debug_str     0x000006ac       0x52 MCAL/ICU/ICU_Core.o
                                0x1e6 (size before relaxing)
 .debug_str     0x000006fe      0x122 MCAL/IRQH/IRQH_Core.o
                                0x329 (size before relaxing)
 .debug_str     0x00000820       0x56 MCAL/PORT/PORT_Core.o
                                0x1d9 (size before relaxing)
 .debug_str     0x00000876       0x48 MCAL/SPI/SPI_Core.o
                                0x1b2 (size before relaxing)
 .debug_str     0x000008be       0x3e MCAL/Timer/Time_Core.o
                                0x1de (size before relaxing)
 .debug_str     0x000008fc       0xdd MCAL/UART/UART_Core.o
                                0x25b (size before relaxing)

.debug_loc      0x00000000     0x1282
 *(.debug_loc)
 .debug_loc     0x00000000       0x9c App/Main/main.o
 .debug_loc     0x0000009c      0x525 HAL/LCD/LCD_Core.o
 .debug_loc     0x000005c1       0x93 HAL/Ultrasonic/Ultrasonic_Core.o
 .debug_loc     0x00000654       0x25 MCAL/ADC/ADC_Core.o
 .debug_loc     0x00000679      0x4fe MCAL/DIO/DIO_Core.o
 .debug_loc     0x00000b77      0x524 MCAL/IRQH/IRQH_Core.o
 .debug_loc     0x0000109b      0x151 MCAL/PORT/PORT_Core.o
 .debug_loc     0x000011ec       0x3e MCAL/SPI/SPI_Core.o
 .debug_loc     0x0000122a       0x58 MCAL/UART/UART_Core.o

.debug_macinfo
 *(.debug_macinfo)

.debug_weaknames
 *(.debug_weaknames)

.debug_funcnames
 *(.debug_funcnames)

.debug_typenames
 *(.debug_typenames)

.debug_varnames
 *(.debug_varnames)

.debug_pubtypes
 *(.debug_pubtypes)

.debug_ranges   0x00000000      0x1b0
 *(.debug_ranges)
 .debug_ranges  0x00000000       0x10 App/Main/main.o
 .debug_ranges  0x00000010       0x48 HAL/LCD/LCD_Core.o
 .debug_ranges  0x00000058       0x20 HAL/Ultrasonic/Ultrasonic_Core.o
 .debug_ranges  0x00000078       0x18 MCAL/ADC/ADC_Core.o
 .debug_ranges  0x00000090       0x38 MCAL/DIO/DIO_Core.o
 .debug_ranges  0x000000c8       0x18 MCAL/ICU/ICU_Core.o
 .debug_ranges  0x000000e0       0x60 MCAL/IRQH/IRQH_Core.o
 .debug_ranges  0x00000140       0x10 MCAL/PORT/PORT_Core.o
 .debug_ranges  0x00000150       0x18 MCAL/SPI/SPI_Core.o
 .debug_ranges  0x00000168       0x18 MCAL/Timer/Time_Core.o
 .debug_ranges  0x00000180       0x30 MCAL/UART/UART_Core.o

.debug_macro
 *(.debug_macro)
OUTPUT(COTS.elf elf32-avr)
LOAD linker stubs
